
Opening input/output transcript to file "C:\Users\radie\Desktop\1_TrainingSIMS\realvesselSIM2\\fluent-20260225-071518-2848.trn".
Auto-Transcript Start Time:  07:15:18, 25 Feb 2026 E. Australia Standard Time 

              Welcome to ANSYS Fluent 2025 R2.04

              Copyright 1987-2025 ANSYS, Inc. All Rights Reserved.
              Unauthorized use, distribution or duplication is prohibited.
              This product is subject to U.S. laws governing export and re-export.
              For full Legal Notice, see documentation.

Build Time: Oct  7 2025 15:34:38 EDT  Build Id: 10205  
 
Connected License Server List:	1055@localhost

     --------------------------------------------------------------
     This is an academic version of ANSYS FLUENT. Usage of this product
     license is limited to the terms and conditions specified in your ANSYS
     license form, additional terms section.
     --------------------------------------------------------------
Host spawning Node 0 on machine "DESKTOP-BBN4MI6" (win64).

-----------------------------------------------------------------------------------
ID    Hostname         Core  O.S.         PID    Vendor                           
-----------------------------------------------------------------------------------
n3    DESKTOP-BBN4MI6  4/12  Windows-x64  23568  Intel(R) Core(TM) i5-10400F      
n2    DESKTOP-BBN4MI6  3/12  Windows-x64  3764   Intel(R) Core(TM) i5-10400F      
n1    DESKTOP-BBN4MI6  2/12  Windows-x64  32624  Intel(R) Core(TM) i5-10400F      
n0*   DESKTOP-BBN4MI6  1/12  Windows-x64  19476  Intel(R) Core(TM) i5-10400F      
host  DESKTOP-BBN4MI6        Windows-x64  25668  Intel(R) Core(TM) i5-10400F      

MPI Option Selected: intel
Selected system interconnect: default
-----------------------------------------------------------------------------------

Cleanup script file is C:\\Users\\radie\\Desktop\\1_TrainingSIMS\\realvesselSIM2\\cleanup-fluent-DESKTOP-BBN4MI6-25668.bat

Posting ANSYS Product Improvement Program startup data
Done.

Reading journal file results/coronary2/Re175/run_coronary2_Re175.jou...

> ; ===========================================================
; bifurcation_template_robust.jou  (BATCH-SAFE EXPORT FIX)
; Validated for ANSYS Fluent 2025 R2 (25.2)
; Mesh -> laminar -> water-liquid -> BCs -> iterate -> export
; ===========================================================

/file/set-tui-version "25.2"

> /file/set-batch-options yes no yes

> ; overwrite files? yes
; hide questions?  no   (keep no because BC sections still use scripted responses)
; exit on error?   yes

define/                 parametric-study/       solve/
display/                plot/                   surface/
exit                    preferences/            switch-to-meshing-mode
file/                   print-license-usage     turbo-setup/
mesh/                   report/                 views/
parallel/               server/

> ; Prevent overwrite prompts during export/write
/file/confirm-overwrite? no

> 
define/                 parametric-study/       solve/
display/                plot/                   surface/
exit                    preferences/            switch-to-meshing-mode
file/                   print-license-usage     turbo-setup/
mesh/                   report/                 views/
parallel/               server/

> /file/read-case "coronary2.msh"Multicore SMT processors detected. Processor affinity set!

Reading "coronary2.msh"...

Buffering for file scan...

ANSYS(R) TGLib(TM) 3D, revision 24.1.0
Warning: Skipping edges zones section(s).
   35982 nodes.
   41815 nodes.
  178694 nodes.
 1481898 mixed interior faces, zone 2633.
   81602 triangular wall faces, zone 20.
     244 mixed pressure-outlet faces, zone 19.
     344 mixed pressure-outlet faces, zone 18.
     894 mixed velocity-inlet faces, zone 17.
  700623 mixed cells, zone 2584.

Building...
     mesh
	auto partitioning mesh by Metis (fast),
	distributing mesh
		parts....,
		faces....,
		nodes....,
		cells....,
        bandwidth reduction using Reverse Cuthill-McKee: 176553/1496 = 118.017
     materials,
     interface,
     domains,
     zones,
	Skipping thread 13 of domain 1 (not referenced by grid).
	Skipping thread 14 of domain 1 (not referenced by grid).
	Skipping thread 15 of domain 1 (not referenced by grid).
	Skipping thread 16 of domain 1 (not referenced by grid).
	Skipping thread 10 of domain 1 (not referenced by grid).
	interior--fluid_domain
	wall-fluid_domain
	outlet_2
	outlet_1
	inlet
	fluid_domain
     parallel,
Done.


> 
adjoint/                parallel/               server/
define/                 parametric-study/       solve/
display/                plot/                   surface/
exit                    preferences/            turbo-setup/
file/                   print-license-usage     views/
mesh/                   report/

> ; ---------- Models ----------
/define/models/solver/pressure-based yes

> /define/models/viscous/laminar yes

> 
adjoint/                parallel/               server/
define/                 parametric-study/       solve/
display/                plot/                   surface/
exit                    preferences/            turbo-setup/
file/                   print-license-usage     views/
mesh/                   report/

> ; ---------- Materials ----------
/define/materials/copy fluid water-liquid

Material "water-liquid" copied from database: fluent-database.


> /define/boundary-conditions/fluid (fluid_domain)
fluid_domain yes water-liquid
Specify source terms? [no] no
Specify fixed values? [no] no
Frame Motion? [no] no
Use Profile for Reference Frame X-Origin of Rotation-Axis? [no] no
Reference Frame X-Origin of Rotation-Axis (constant or expression) (in [m]) [0] 0
Use Profile for Reference Frame Y-Origin of Rotation-Axis? [no] no
Reference Frame Y-Origin of Rotation-Axis (constant or expression) (in [m]) [0] 0
Use Profile for Reference Frame Z-Origin of Rotation-Axis? [no] no
Reference Frame Z-Origin of Rotation-Axis (constant or expression) (in [m]) [0] 0
Use Profile for Reference Frame X-Component of Rotation-Axis? [no] no
Reference Frame X-Component of Rotation-Axis (constant or expression) [0] 0
Use Profile for Reference Frame Y-Component of Rotation-Axis? [no] no
Reference Frame Y-Component of Rotation-Axis (constant or expression) [0] 0
Use Profile for Reference Frame Z-Component of Rotation-Axis? [no] no
Reference Frame Z-Component of Rotation-Axis (constant or expression) [1] 1
Mesh Motion? [no] no
Enter yes or no to continue [no] no
Porous zone? [no] no
3D Fan Zone? [no] no

> 
adjoint/                parallel/               server/
define/                 parametric-study/       solve/
display/                plot/                   surface/
exit                    preferences/            turbo-setup/
file/                   print-license-usage     views/
mesh/                   report/

> ; ---------- Boundary Conditions ----------
; INLET
/define/boundary-conditions/velocity-inlet (inlet)
inlet
Velocity Specification Method: Magnitude and Direction [no] no
Velocity Specification Method: Components [no] no
Velocity Specification Method: Magnitude, Normal to Boundary [yes] yes
Reference Frame: Absolute [yes] yes
Use Profile for Velocity Magnitude? [no] no
Velocity Magnitude (constant or expression) (in [m/s]) [0] 0.04094603556765794
Use Profile for Supersonic/Initial Gauge Pressure? [no] no
Supersonic/Initial Gauge Pressure (constant or expression) (in [Pa]) [0] 0

> 
adjoint/                parallel/               server/
define/                 parametric-study/       solve/
display/                plot/                   surface/
exit                    preferences/            turbo-setup/
file/                   print-license-usage     views/
mesh/                   report/

> ; OUTLETS
/define/boundary-conditions/pressure-outlet (outlet_1 outlet_2)
outlet_1
Backflow Reference Frame: Absolute [yes] yes
Use Profile for Gauge Pressure? [no] no
Gauge Pressure (constant or expression) (in [Pa]) [0] 0
Backflow Direction Specification Method: Direction Vector [no] no
Backflow Direction Specification Method: Normal to Boundary [yes] yes
Backflow Pressure Specification: Total Pressure [yes] yes
Radial Equilibrium Pressure Distribution [no] no
Average Pressure Specification? [no] no
Specify targeted mass flow rate [no] no

> 
adjoint/                parallel/               server/
define/                 parametric-study/       solve/
display/                plot/                   surface/
exit                    preferences/            turbo-setup/
file/                   print-license-usage     views/
mesh/                   report/

> /define/boundary-conditions/pressure-outlet (outlet_1 outlet_2)
outlet_2
Backflow Reference Frame: Absolute [yes] yes
Use Profile for Gauge Pressure? [no] no
Gauge Pressure (constant or expression) (in [Pa]) [0] 0
Backflow Direction Specification Method: Direction Vector [no] no
Backflow Direction Specification Method: Normal to Boundary [yes] yes
Backflow Pressure Specification: Total Pressure [yes] yes
Radial Equilibrium Pressure Distribution [no] no
Average Pressure Specification? [no] no
Specify targeted mass flow rate [no] no

> 
adjoint/                parallel/               server/
define/                 parametric-study/       solve/
display/                plot/                   surface/
exit                    preferences/            turbo-setup/
file/                   print-license-usage     views/
mesh/                   report/

> ; WALLS
/define/boundary-conditions/wall (wall-fluid_domain)
wall-fluid_domain
Wall Motion [motion-bc-stationary]: Change current value? [no] no
Shear Boundary Condition [shear-bc-noslip]: Change current value? [no] no

> 
adjoint/                parallel/               server/
define/                 parametric-study/       solve/
display/                plot/                   surface/
exit                    preferences/            turbo-setup/
file/                   print-license-usage     views/
mesh/                   report/

> ; ---------- Solution Methods ----------
/solve/set/p-v-coupling 24

> /solve/set/discretization-scheme/pressure 12

> /solve/set/discretization-scheme/mom 4

> 
adjoint/                parallel/               server/
define/                 parametric-study/       solve/
display/                plot/                   surface/
exit                    preferences/            turbo-setup/
file/                   print-license-usage     views/
mesh/                   report/

> ; ---------- Solution Controls ----------
/solve/monitors/residual/convergence-criteria 1e-6 1e-5 1e-5 1e-5

> /solve/monitors/residual/print? yes

> 
adjoint/                parallel/               server/
define/                 parametric-study/       solve/
display/                plot/                   surface/
exit                    preferences/            turbo-setup/
file/                   print-license-usage     views/
mesh/                   report/

> ; ---------- Initialization ----------
/solve/initialize/compute-defaults/velocity-inlet (inlet)
inlet

> /solve/initialize/initialize-flow

> 
adjoint/                parallel/               server/
define/                 parametric-study/       solve/
display/                plot/                   surface/
exit                    preferences/            turbo-setup/
file/                   print-license-usage     views/
mesh/                   report/

> ; ---------- Solve ----------
/solve/iterate 2500

  iter  continuity  x-velocity  y-velocity  z-velocity     time/iter

 Reversed flow on 244 faces (100.0% area) of pressure-outlet 19.
     1  1.0000e+00  6.8660e-03  9.6995e-03  9.5188e-03  1:19:42 2499

 Reversed flow on 86 faces (25.8% area) of pressure-outlet 19.

 Reversed flow on 164 faces (39.8% area) of pressure-outlet 18.
     2  7.3630e-01  1.0130e-02  1.5095e-02  1.5714e-02  1:17:16 2498

 Reversed flow on 168 faces (56.8% area) of pressure-outlet 19.

 Reversed flow on 158 faces (37.7% area) of pressure-outlet 18.
     3  3.3227e-01  4.4953e-03  6.1295e-03  5.2481e-03  1:15:24 2497

 Reversed flow on 83 faces (27.1% area) of pressure-outlet 19.

 Reversed flow on 114 faces (24.4% area) of pressure-outlet 18.
     4  2.1169e-01  2.4395e-03  3.0690e-03  2.2521e-03  1:14:09 2496

 Reversed flow on 54 faces (15.7% area) of pressure-outlet 19.

 Reversed flow on 111 faces (19.9% area) of pressure-outlet 18.
     5  1.5050e-01  1.6036e-03  1.8689e-03  1.1965e-03  1:20:54 2495

 Reversed flow on 27 faces (7.1% area) of pressure-outlet 19.

 Reversed flow on 98 faces (14.5% area) of pressure-outlet 18.
     6  1.2569e-01  1.3262e-03  1.3273e-03  8.2374e-04  1:25:55 2494

 Reversed flow on 12 faces (3.5% area) of pressure-outlet 19.

 Reversed flow on 114 faces (17.0% area) of pressure-outlet 18.
     7  1.1374e-01  1.1417e-03  1.0091e-03  6.1530e-04  1:26:03 2493

 Reversed flow on 3 faces (0.7% area) of pressure-outlet 19.

 Reversed flow on 137 faces (20.7% area) of pressure-outlet 18.
     8  9.8788e-02  9.4405e-04  7.8308e-04  4.7270e-04  1:26:12 2492

 Reversed flow on 2 faces (0.6% area) of pressure-outlet 19.

 Reversed flow on 149 faces (25.1% area) of pressure-outlet 18.
     9  8.7152e-02  8.3696e-04  6.6012e-04  4.1301e-04  1:30:16 2491

 Reversed flow on 154 faces (27.1% area) of pressure-outlet 18.
    10  8.1952e-02  8.0138e-04  6.0414e-04  3.9953e-04  1:29:39 2490

 Reversed flow on 180 faces (31.1% area) of pressure-outlet 18.
    11  7.4019e-02  7.1210e-04  5.2620e-04  3.4974e-04  1:28:56 2489

 Reversed flow on 185 faces (31.5% area) of pressure-outlet 18.

  iter  continuity  x-velocity  y-velocity  z-velocity     time/iter
    12  6.9088e-02  6.7994e-04  4.9423e-04  3.4375e-04  1:28:56 2488

 Reversed flow on 192 faces (32.5% area) of pressure-outlet 18.
    13  6.4348e-02  6.2493e-04  4.5212e-04  3.1645e-04  1:28:18 2487

 Reversed flow on 199 faces (34.0% area) of pressure-outlet 18.
    14  5.9624e-02  5.7031e-04  4.1756e-04  2.8965e-04  1:27:45 2486

 Reversed flow on 197 faces (33.7% area) of pressure-outlet 18.
    15  5.5166e-02  5.2372e-04  3.9049e-04  2.6844e-04  1:27:30 2485

 Reversed flow on 201 faces (34.1% area) of pressure-outlet 18.
    16  5.1969e-02  4.8549e-04  3.6752e-04  2.5154e-04  1:23:36 2484

 Reversed flow on 199 faces (33.6% area) of pressure-outlet 18.
    17  4.6245e-02  4.2368e-04  3.2692e-04  2.1856e-04  1:23:53 2483

 Reversed flow on 190 faces (32.2% area) of pressure-outlet 18.
    18  4.3032e-02  3.9390e-04  3.0966e-04  2.0756e-04  1:24:04 2482

 Reversed flow on 189 faces (32.3% area) of pressure-outlet 18.
    19  4.0596e-02  3.6059e-04  2.9096e-04  1.9242e-04  1:24:13 2481

 Reversed flow on 187 faces (32.4% area) of pressure-outlet 18.
    20  3.8174e-02  3.3416e-04  2.7292e-04  1.8009e-04  1:24:18 2480

 Reversed flow on 189 faces (33.0% area) of pressure-outlet 18.
    21  3.6109e-02  3.0989e-04  2.5606e-04  1.6890e-04  1:20:43 2479

 Reversed flow on 191 faces (33.6% area) of pressure-outlet 18.
    22  3.2728e-02  2.7409e-04  2.2959e-04  1.4897e-04  1:21:27 2478

 Reversed flow on 189 faces (33.6% area) of pressure-outlet 18.

  iter  continuity  x-velocity  y-velocity  z-velocity     time/iter
    23  3.1016e-02  2.5856e-04  2.1813e-04  1.4312e-04  1:18:26 2477

 Reversed flow on 201 faces (35.2% area) of pressure-outlet 18.
    24  2.8032e-02  2.3003e-04  1.9579e-04  1.2755e-04  1:19:37 2476

 Reversed flow on 189 faces (34.3% area) of pressure-outlet 18.
    25  2.6431e-02  2.1757e-04  1.8600e-04  1.2278e-04  1:20:37 2475

 Reversed flow on 195 faces (35.0% area) of pressure-outlet 18.
    26  2.5081e-02  2.0376e-04  1.7510e-04  1.1596e-04  1:21:22 2474

 Reversed flow on 189 faces (34.4% area) of pressure-outlet 18.
    27  2.3641e-02  1.8965e-04  1.6329e-04  1.0862e-04  1:18:26 2473

 Reversed flow on 190 faces (34.9% area) of pressure-outlet 18.
    28  2.1469e-02  1.6894e-04  1.4607e-04  9.6377e-05  1:19:58 2472

 Reversed flow on 182 faces (34.4% area) of pressure-outlet 18.
    29  2.0570e-02  1.6091e-04  1.3940e-04  9.3375e-05  1:17:30 2471

 Reversed flow on 184 faces (34.7% area) of pressure-outlet 18.
    30  1.8734e-02  1.4386e-04  1.2513e-04  8.3195e-05  1:19:20 2470

 Reversed flow on 181 faces (34.5% area) of pressure-outlet 18.
    31  1.7769e-02  1.3711e-04  1.1844e-04  8.0036e-05  1:20:56 2469

 Reversed flow on 186 faces (35.1% area) of pressure-outlet 18.
    32  1.6809e-02  1.2724e-04  1.1024e-04  7.4843e-05  1:21:41 2468

 Reversed flow on 178 faces (34.5% area) of pressure-outlet 18.
    33  1.5834e-02  1.1943e-04  1.0307e-04  7.0665e-05  1:22:17 2467

 Reversed flow on 179 faces (34.7% area) of pressure-outlet 18.

  iter  continuity  x-velocity  y-velocity  z-velocity     time/iter
    34  1.5004e-02  1.1179e-04  9.6349e-05  6.6611e-05  1:19:16 2466

 Reversed flow on 179 faces (34.7% area) of pressure-outlet 18.
    35  1.3693e-02  9.9466e-05  8.6423e-05  5.9202e-05  1:16:52 2465

 Reversed flow on 177 faces (34.6% area) of pressure-outlet 18.
    36  1.2508e-02  9.0600e-05  7.9034e-05  5.4256e-05  1:19:01 2464

 Reversed flow on 181 faces (34.7% area) of pressure-outlet 18.
    37  1.1765e-02  8.5481e-05  7.4344e-05  5.1498e-05  1:17:37 2463

 Reversed flow on 179 faces (35.0% area) of pressure-outlet 18.
    38  1.0790e-02  7.6945e-05  6.7271e-05  4.6598e-05  1:20:49 2462

 Reversed flow on 176 faces (34.7% area) of pressure-outlet 18.
    39  1.0176e-02  7.3097e-05  6.3742e-05  4.4721e-05  1:22:06 2461

 Reversed flow on 174 faces (34.7% area) of pressure-outlet 18.
    40  9.5377e-03  6.7741e-05  5.9287e-05  4.1418e-05  1:23:45 2460

 Reversed flow on 176 faces (34.9% area) of pressure-outlet 18.
    41  8.9112e-03  6.2727e-05  5.5096e-05  3.8647e-05  1:24:40 2459

 Reversed flow on 176 faces (34.9% area) of pressure-outlet 18.
    42  8.5334e-03  5.9839e-05  5.2402e-05  3.7077e-05  1:24:49 2458

 Reversed flow on 2 faces (0.5% area) of pressure-outlet 19.

 Reversed flow on 177 faces (35.0% area) of pressure-outlet 18.
    43  8.1555e-03  5.6895e-05  4.9380e-05  3.5286e-05  1:21:32 2457

 Reversed flow on 5 faces (1.5% area) of pressure-outlet 19.

 Reversed flow on 178 faces (35.1% area) of pressure-outlet 18.
    44  7.3627e-03  5.0123e-05  4.3902e-05  3.0925e-05  1:18:46 2456

 Reversed flow on 5 faces (1.5% area) of pressure-outlet 19.

 Reversed flow on 174 faces (34.7% area) of pressure-outlet 18.

  iter  continuity  x-velocity  y-velocity  z-velocity     time/iter
    45  6.6951e-03  4.5862e-05  4.0319e-05  2.8330e-05  1:20:05 2455

 Reversed flow on 6 faces (1.9% area) of pressure-outlet 19.

 Reversed flow on 174 faces (34.7% area) of pressure-outlet 18.
    46  6.3111e-03  4.3835e-05  3.8378e-05  2.7133e-05  1:21:15 2454

 Reversed flow on 6 faces (1.9% area) of pressure-outlet 19.

 Reversed flow on 174 faces (34.7% area) of pressure-outlet 18.
    47  5.9201e-03  4.0928e-05  3.5790e-05  2.5246e-05  1:22:08 2453

 Reversed flow on 6 faces (1.9% area) of pressure-outlet 19.

 Reversed flow on 174 faces (34.9% area) of pressure-outlet 18.
    48  5.5575e-03  3.8365e-05  3.3520e-05  2.3618e-05  1:22:59 2452

 Reversed flow on 6 faces (1.9% area) of pressure-outlet 19.

 Reversed flow on 175 faces (35.3% area) of pressure-outlet 18.
    49  5.2185e-03  3.6040e-05  3.1390e-05  2.2195e-05  1:23:19 2451

 Reversed flow on 7 faces (2.4% area) of pressure-outlet 19.

 Reversed flow on 175 faces (35.3% area) of pressure-outlet 18.
    50  4.8569e-03  3.3432e-05  2.9054e-05  2.0559e-05  1:23:39 2450

 Reversed flow on 7 faces (2.4% area) of pressure-outlet 19.

 Reversed flow on 176 faces (35.3% area) of pressure-outlet 18.
    51  4.5941e-03  3.1877e-05  2.7444e-05  1.9555e-05  1:20:23 2449

 Reversed flow on 7 faces (2.4% area) of pressure-outlet 19.

 Reversed flow on 176 faces (35.3% area) of pressure-outlet 18.
    52  4.1593e-03  2.8424e-05  2.4580e-05  1.7353e-05  1:21:21 2448

 Reversed flow on 7 faces (2.4% area) of pressure-outlet 19.

 Reversed flow on 176 faces (35.3% area) of pressure-outlet 18.
    53  3.8831e-03  2.6998e-05  2.3249e-05  1.6547e-05  1:22:19 2447

 Reversed flow on 8 faces (3.3% area) of pressure-outlet 19.

 Reversed flow on 177 faces (35.4% area) of pressure-outlet 18.
    54  3.6242e-03  2.5154e-05  2.1738e-05  1.5371e-05  1:22:51 2446

 Reversed flow on 8 faces (3.3% area) of pressure-outlet 19.

 Reversed flow on 176 faces (34.9% area) of pressure-outlet 18.
    55  3.4440e-03  2.3904e-05  2.0719e-05  1.4587e-05  1:23:29 2445

 Reversed flow on 8 faces (3.3% area) of pressure-outlet 19.

 Reversed flow on 176 faces (34.9% area) of pressure-outlet 18.

  iter  continuity  x-velocity  y-velocity  z-velocity     time/iter
    56  3.2479e-03  2.2374e-05  1.9452e-05  1.3644e-05  1:23:47 2444

 Reversed flow on 8 faces (3.3% area) of pressure-outlet 19.

 Reversed flow on 176 faces (34.9% area) of pressure-outlet 18.
    57  3.0121e-03  2.0727e-05  1.7955e-05  1.2671e-05  1:23:59 2443

 Reversed flow on 8 faces (3.3% area) of pressure-outlet 19.

 Reversed flow on 176 faces (34.9% area) of pressure-outlet 18.
    58  2.8047e-03  1.9463e-05  1.6685e-05  1.2022e-05  1:24:22 2442

 Reversed flow on 8 faces (3.3% area) of pressure-outlet 19.

 Reversed flow on 176 faces (34.9% area) of pressure-outlet 18.
    59  2.6155e-03  1.8134e-05  1.5501e-05  1.1235e-05  1:24:33 2441

 Reversed flow on 9 faces (3.7% area) of pressure-outlet 19.

 Reversed flow on 176 faces (34.9% area) of pressure-outlet 18.
    60  2.4252e-03  1.6839e-05  1.4380e-05  1.0393e-05  1:24:45 2440

 Reversed flow on 11 faces (4.5% area) of pressure-outlet 19.

 Reversed flow on 175 faces (34.9% area) of pressure-outlet 18.
    61  2.2810e-03  1.5856e-05  1.3576e-05  9.7271e-06  1:24:36 2439

 Reversed flow on 14 faces (5.7% area) of pressure-outlet 19.

 Reversed flow on 175 faces (34.9% area) of pressure-outlet 18.
    62  2.1404e-03  1.4868e-05  1.2698e-05  9.1021e-06  1:24:41 2438

 Reversed flow on 15 faces (6.0% area) of pressure-outlet 19.

 Reversed flow on 175 faces (34.9% area) of pressure-outlet 18.
    63  2.0278e-03  1.4130e-05  1.2025e-05  8.6954e-06  1:26:26 2437

 Reversed flow on 16 faces (6.3% area) of pressure-outlet 19.

 Reversed flow on 175 faces (34.9% area) of pressure-outlet 18.
    64  1.8826e-03  1.3043e-05  1.1087e-05  8.0112e-06  1:27:19 2436

 Reversed flow on 16 faces (6.3% area) of pressure-outlet 19.

 Reversed flow on 175 faces (34.9% area) of pressure-outlet 18.
    65  1.7767e-03  1.2309e-05  1.0520e-05  7.5231e-06  1:27:47 2435

 Reversed flow on 16 faces (6.3% area) of pressure-outlet 19.

 Reversed flow on 175 faces (34.9% area) of pressure-outlet 18.
    66  1.6613e-03  1.1577e-05  9.8108e-06  7.0953e-06  1:27:03 2434

 Reversed flow on 16 faces (6.3% area) of pressure-outlet 19.

 Reversed flow on 175 faces (34.9% area) of pressure-outlet 18.

  iter  continuity  x-velocity  y-velocity  z-velocity     time/iter
    67  1.5690e-03  1.0905e-05  9.2730e-06  6.6885e-06  1:26:35 2433

 Reversed flow on 16 faces (6.3% area) of pressure-outlet 19.

 Reversed flow on 176 faces (34.9% area) of pressure-outlet 18.
    68  1.4720e-03  1.0155e-05  8.6721e-06  6.2190e-06  1:26:00 2432

 Reversed flow on 16 faces (6.3% area) of pressure-outlet 19.

 Reversed flow on 175 faces (34.8% area) of pressure-outlet 18.
    69  1.3795e-03  9.6092e-06  8.1309e-06  5.9133e-06  1:25:35 2431

 Reversed flow on 16 faces (6.3% area) of pressure-outlet 19.

 Reversed flow on 175 faces (34.8% area) of pressure-outlet 18.
    70  1.2788e-03  8.8504e-06  7.5073e-06  5.4425e-06  1:25:48 2430

 Reversed flow on 16 faces (6.3% area) of pressure-outlet 19.

 Reversed flow on 175 faces (34.8% area) of pressure-outlet 18.
    71  1.1960e-03  8.3386e-06  7.0431e-06  5.1504e-06  1:25:32 2429

 Reversed flow on 16 faces (6.3% area) of pressure-outlet 19.

 Reversed flow on 175 faces (34.8% area) of pressure-outlet 18.
    72  1.1200e-03  7.8193e-06  6.5987e-06  4.8226e-06  1:25:27 2428

 Reversed flow on 16 faces (6.3% area) of pressure-outlet 19.

 Reversed flow on 175 faces (34.8% area) of pressure-outlet 18.
    73  1.0456e-03  7.2911e-06  6.1727e-06  4.4984e-06  1:25:59 2427

 Reversed flow on 16 faces (6.3% area) of pressure-outlet 19.

 Reversed flow on 175 faces (34.8% area) of pressure-outlet 18.
    74  9.7832e-04  6.8511e-06  5.8058e-06  4.2290e-06  1:25:35 2426

 Reversed flow on 16 faces (6.3% area) of pressure-outlet 19.

 Reversed flow on 175 faces (34.8% area) of pressure-outlet 18.
    75  9.1196e-04  6.3678e-06  5.4315e-06  3.9312e-06  1:25:04 2425

 Reversed flow on 16 faces (6.3% area) of pressure-outlet 19.

 Reversed flow on 175 faces (34.8% area) of pressure-outlet 18.
    76  8.5354e-04  5.9822e-06  5.1081e-06  3.6946e-06  1:25:19 2424

 Reversed flow on 16 faces (6.3% area) of pressure-outlet 19.

 Reversed flow on 175 faces (34.8% area) of pressure-outlet 18.
    77  8.0470e-04  5.6311e-06  4.8176e-06  3.4903e-06  1:25:23 2423

 Reversed flow on 16 faces (6.3% area) of pressure-outlet 19.

 Reversed flow on 175 faces (34.8% area) of pressure-outlet 18.

  iter  continuity  x-velocity  y-velocity  z-velocity     time/iter
    78  7.5282e-04  5.2672e-06  4.5011e-06  3.2670e-06  1:25:42 2422

 Reversed flow on 16 faces (6.3% area) of pressure-outlet 19.

 Reversed flow on 175 faces (34.8% area) of pressure-outlet 18.
    79  7.2620e-04  5.1436e-06  4.3549e-06  3.2078e-06  1:25:52 2421

 Reversed flow on 16 faces (6.3% area) of pressure-outlet 19.

 Reversed flow on 175 faces (34.8% area) of pressure-outlet 18.
    80  7.0516e-04  4.9350e-06  4.1830e-06  3.0589e-06  1:22:27 2420

 Reversed flow on 16 faces (6.3% area) of pressure-outlet 19.

 Reversed flow on 175 faces (34.8% area) of pressure-outlet 18.
    81  6.4405e-04  4.4068e-06  3.7694e-06  2.7172e-06  1:19:52 2419

 Reversed flow on 16 faces (6.3% area) of pressure-outlet 19.

 Reversed flow on 176 faces (35.1% area) of pressure-outlet 18.
    82  5.8541e-04  4.0457e-06  3.4792e-06  2.5089e-06  1:17:57 2418

 Reversed flow on 16 faces (6.3% area) of pressure-outlet 19.

 Reversed flow on 176 faces (35.1% area) of pressure-outlet 18.
    83  5.3530e-04  3.7275e-06  3.2266e-06  2.3190e-06  1:16:25 2417

 Reversed flow on 16 faces (6.3% area) of pressure-outlet 19.

 Reversed flow on 176 faces (35.1% area) of pressure-outlet 18.
    84  4.9512e-04  3.4654e-06  3.0141e-06  2.1685e-06  1:18:54 2416

 Reversed flow on 16 faces (6.3% area) of pressure-outlet 19.

 Reversed flow on 176 faces (35.1% area) of pressure-outlet 18.
    85  4.6900e-04  3.3108e-06  2.8801e-06  2.0818e-06  1:20:47 2415

 Reversed flow on 16 faces (6.3% area) of pressure-outlet 19.

 Reversed flow on 176 faces (35.1% area) of pressure-outlet 18.
    86  4.4943e-04  3.1548e-06  2.7550e-06  1.9756e-06  1:18:18 2414

 Reversed flow on 16 faces (6.3% area) of pressure-outlet 19.

 Reversed flow on 176 faces (35.1% area) of pressure-outlet 18.
    87  4.1066e-04  2.8438e-06  2.4940e-06  1.7819e-06  1:20:40 2413

 Reversed flow on 16 faces (6.3% area) of pressure-outlet 19.

 Reversed flow on 176 faces (35.1% area) of pressure-outlet 18.
    88  3.9036e-04  2.7808e-06  2.4015e-06  1.7606e-06  1:22:29 2412

 Reversed flow on 16 faces (6.3% area) of pressure-outlet 19.

 Reversed flow on 176 faces (35.1% area) of pressure-outlet 18.

  iter  continuity  x-velocity  y-velocity  z-velocity     time/iter
    89  3.7103e-04  2.6023e-06  2.2541e-06  1.6407e-06  1:19:54 2411

 Reversed flow on 16 faces (6.3% area) of pressure-outlet 19.

 Reversed flow on 176 faces (35.1% area) of pressure-outlet 18.
    90  3.4375e-04  2.3764e-06  2.0679e-06  1.4953e-06  1:17:50 2410

 Reversed flow on 16 faces (6.3% area) of pressure-outlet 19.

 Reversed flow on 176 faces (35.1% area) of pressure-outlet 18.
    91  3.1545e-04  2.1863e-06  1.9040e-06  1.3826e-06  1:20:50 2409

 Reversed flow on 16 faces (6.3% area) of pressure-outlet 19.

 Reversed flow on 176 faces (35.1% area) of pressure-outlet 18.
    92  2.9866e-04  2.1066e-06  1.8195e-06  1.3412e-06  1:22:54 2408

 Reversed flow on 16 faces (6.3% area) of pressure-outlet 19.

 Reversed flow on 176 faces (35.1% area) of pressure-outlet 18.
    93  2.8413e-04  1.9911e-06  1.7162e-06  1.2676e-06  1:25:04 2407

 Reversed flow on 16 faces (6.3% area) of pressure-outlet 19.

 Reversed flow on 176 faces (35.1% area) of pressure-outlet 18.
    94  2.6784e-04  1.8718e-06  1.6102e-06  1.1943e-06  1:26:46 2406

 Reversed flow on 16 faces (6.3% area) of pressure-outlet 19.

 Reversed flow on 176 faces (35.1% area) of pressure-outlet 18.
    95  2.5223e-04  1.7710e-06  1.5141e-06  1.1289e-06  1:26:27 2405

 Reversed flow on 16 faces (6.3% area) of pressure-outlet 19.

 Reversed flow on 176 faces (35.1% area) of pressure-outlet 18.
    96  2.3845e-04  1.6698e-06  1.4221e-06  1.0635e-06  1:23:14 2404

 Reversed flow on 16 faces (6.3% area) of pressure-outlet 19.

 Reversed flow on 176 faces (35.1% area) of pressure-outlet 18.
    97  2.1863e-04  1.5138e-06  1.2908e-06  9.6606e-07  1:24:14 2403

 Reversed flow on 16 faces (6.3% area) of pressure-outlet 19.

 Reversed flow on 176 faces (35.1% area) of pressure-outlet 18.
    98  2.0731e-04  1.4559e-06  1.2391e-06  9.3554e-07  1:20:35 2402

 Reversed flow on 16 faces (6.3% area) of pressure-outlet 19.

 Reversed flow on 176 faces (35.1% area) of pressure-outlet 18.
    99  1.9210e-04  1.3274e-06  1.1359e-06  8.5296e-07  1:21:09 2401

 Reversed flow on 16 faces (6.3% area) of pressure-outlet 19.

 Reversed flow on 176 faces (35.1% area) of pressure-outlet 18.

  iter  continuity  x-velocity  y-velocity  z-velocity     time/iter
   100  1.8534e-04  1.2958e-06  1.1093e-06  8.3175e-07  1:18:12 2400

 Reversed flow on 16 faces (6.3% area) of pressure-outlet 19.

 Reversed flow on 176 faces (35.1% area) of pressure-outlet 18.
   101  1.7166e-04  1.1778e-06  1.0110e-06  7.5386e-07  1:19:26 2399

 Reversed flow on 16 faces (6.3% area) of pressure-outlet 19.

 Reversed flow on 176 faces (35.1% area) of pressure-outlet 18.
   102  1.6229e-04  1.1290e-06  9.6269e-07  7.2691e-07  1:20:29 2398

 Reversed flow on 16 faces (6.3% area) of pressure-outlet 19.

 Reversed flow on 176 faces (35.1% area) of pressure-outlet 18.
   103  1.5345e-04  1.0691e-06  9.0557e-07  6.9052e-07  1:17:53 2397

 Reversed flow on 16 faces (6.3% area) of pressure-outlet 19.

 Reversed flow on 176 faces (35.1% area) of pressure-outlet 18.
   104  1.4020e-04  9.6734e-07  8.2194e-07  6.2332e-07  1:19:16 2396

 Reversed flow on 16 faces (6.3% area) of pressure-outlet 19.

 Reversed flow on 176 faces (35.1% area) of pressure-outlet 18.
   105  1.3259e-04  9.3269e-07  7.8952e-07  6.0282e-07  1:20:39 2395

 Reversed flow on 16 faces (6.3% area) of pressure-outlet 19.

 Reversed flow on 176 faces (35.1% area) of pressure-outlet 18.
   106  1.2886e-04  9.1339e-07  7.6768e-07  5.9061e-07  1:21:50 2394

 Reversed flow on 16 faces (6.3% area) of pressure-outlet 19.

 Reversed flow on 176 faces (35.1% area) of pressure-outlet 18.
   107  1.2631e-04  8.9161e-07  7.4451e-07  5.7528e-07  1:18:42 2393

 Reversed flow on 16 faces (6.3% area) of pressure-outlet 19.

 Reversed flow on 176 faces (35.1% area) of pressure-outlet 18.
   108  1.1634e-04  8.0152e-07  6.7458e-07  5.1467e-07  1:17:00 2392

 Reversed flow on 16 faces (6.3% area) of pressure-outlet 19.

 Reversed flow on 176 faces (35.1% area) of pressure-outlet 18.
   109  1.0694e-04  7.4453e-07  6.2926e-07  4.8127e-07  1:16:08 2391

 Reversed flow on 16 faces (6.3% area) of pressure-outlet 19.

 Reversed flow on 176 faces (35.1% area) of pressure-outlet 18.
   110  9.8756e-05  6.9269e-07  5.8775e-07  4.5003e-07  1:18:24 2390

 Reversed flow on 16 faces (6.3% area) of pressure-outlet 19.

 Reversed flow on 176 faces (35.1% area) of pressure-outlet 18.

  iter  continuity  x-velocity  y-velocity  z-velocity     time/iter
   111  9.1778e-05  6.4802e-07  5.5120e-07  4.2304e-07  1:17:19 2389

 Reversed flow on 16 faces (6.3% area) of pressure-outlet 19.

 Reversed flow on 176 faces (35.1% area) of pressure-outlet 18.
   112  8.5549e-05  6.0712e-07  5.1706e-07  3.9831e-07  1:15:25 2388

 Reversed flow on 16 faces (6.3% area) of pressure-outlet 19.

 Reversed flow on 176 faces (35.1% area) of pressure-outlet 18.
   113  7.9958e-05  5.6909e-07  4.8518e-07  3.7535e-07  1:17:26 2387

 Reversed flow on 16 faces (6.3% area) of pressure-outlet 19.

 Reversed flow on 176 faces (35.1% area) of pressure-outlet 18.
   114  7.6797e-05  5.5184e-07  4.6970e-07  3.6556e-07  1:20:07 2386

 Reversed flow on 16 faces (6.3% area) of pressure-outlet 19.

 Reversed flow on 176 faces (35.1% area) of pressure-outlet 18.
   115  7.3799e-05  5.2690e-07  4.4940e-07  3.5014e-07  1:17:37 2385

 Reversed flow on 16 faces (6.3% area) of pressure-outlet 19.

 Reversed flow on 176 faces (35.1% area) of pressure-outlet 18.
   116  6.8978e-05  4.8698e-07  4.1574e-07  3.2487e-07  1:15:28 2384

 Reversed flow on 16 faces (6.3% area) of pressure-outlet 19.

 Reversed flow on 176 faces (35.1% area) of pressure-outlet 18.
   117  6.4557e-05  4.5683e-07  3.8958e-07  3.0650e-07  1:17:11 2383

 Reversed flow on 16 faces (6.3% area) of pressure-outlet 19.

 Reversed flow on 176 faces (35.1% area) of pressure-outlet 18.
   118  6.1928e-05  4.4277e-07  3.7701e-07  2.9814e-07  1:15:14 2382

 Reversed flow on 16 faces (6.3% area) of pressure-outlet 19.

 Reversed flow on 176 faces (35.1% area) of pressure-outlet 18.
   119  5.8122e-05  4.1112e-07  3.5092e-07  2.7708e-07  1:17:23 2381

 Reversed flow on 16 faces (6.3% area) of pressure-outlet 19.

 Reversed flow on 176 faces (35.1% area) of pressure-outlet 18.
   120  5.5642e-05  3.9765e-07  3.3835e-07  2.6862e-07  1:18:45 2380

 Reversed flow on 16 faces (6.3% area) of pressure-outlet 19.

 Reversed flow on 176 faces (35.1% area) of pressure-outlet 18.
   121  5.3832e-05  3.8467e-07  3.2576e-07  2.6176e-07  1:16:12 2379

 Reversed flow on 16 faces (6.3% area) of pressure-outlet 19.

 Reversed flow on 176 faces (35.1% area) of pressure-outlet 18.

  iter  continuity  x-velocity  y-velocity  z-velocity     time/iter
   122  4.9993e-05  3.5322e-07  2.9994e-07  2.4019e-07  1:17:51 2378

 Reversed flow on 16 faces (6.3% area) of pressure-outlet 19.

 Reversed flow on 176 faces (35.1% area) of pressure-outlet 18.
   123  4.8039e-05  3.4480e-07  2.9104e-07  2.3557e-07  1:15:43 2377

 Reversed flow on 16 faces (6.3% area) of pressure-outlet 19.

 Reversed flow on 176 faces (35.1% area) of pressure-outlet 18.
   124  4.4812e-05  3.1861e-07  2.7004e-07  2.1797e-07  1:17:16 2376

 Reversed flow on 16 faces (6.3% area) of pressure-outlet 19.

 Reversed flow on 176 faces (35.1% area) of pressure-outlet 18.
   125  4.3043e-05  3.1055e-07  2.6175e-07  2.1337e-07  1:19:38 2375

 Reversed flow on 16 faces (6.3% area) of pressure-outlet 19.

 Reversed flow on 176 faces (35.1% area) of pressure-outlet 18.
   126  4.1571e-05  2.9847e-07  2.5147e-07  2.0514e-07  1:16:47 2374

 Reversed flow on 16 faces (6.3% area) of pressure-outlet 19.

 Reversed flow on 176 faces (35.1% area) of pressure-outlet 18.
   127  3.9100e-05  2.7874e-07  2.3497e-07  1.9240e-07  1:15:06 2373

 Reversed flow on 16 faces (6.3% area) of pressure-outlet 19.

 Reversed flow on 176 faces (35.1% area) of pressure-outlet 18.
   128  3.6864e-05  2.6426e-07  2.2261e-07  1.8353e-07  1:18:39 2372

 Reversed flow on 16 faces (6.3% area) of pressure-outlet 19.

 Reversed flow on 176 faces (35.1% area) of pressure-outlet 18.
   129  3.5941e-05  2.6087e-07  2.1893e-07  1.8134e-07  1:15:52 2371

 Reversed flow on 16 faces (6.3% area) of pressure-outlet 19.

 Reversed flow on 176 faces (35.1% area) of pressure-outlet 18.
   130  3.4160e-05  2.4497e-07  2.0609e-07  1.7115e-07  1:13:42 2370

 Reversed flow on 16 faces (6.3% area) of pressure-outlet 19.

 Reversed flow on 176 faces (35.1% area) of pressure-outlet 18.
   131  3.2514e-05  2.3429e-07  1.9700e-07  1.6469e-07  1:11:52 2369

 Reversed flow on 16 faces (6.3% area) of pressure-outlet 19.

 Reversed flow on 176 faces (35.1% area) of pressure-outlet 18.
   132  3.1171e-05  2.2517e-07  1.8917e-07  1.5897e-07  1:10:22 2368

 Reversed flow on 16 faces (6.3% area) of pressure-outlet 19.

 Reversed flow on 176 faces (35.1% area) of pressure-outlet 18.

  iter  continuity  x-velocity  y-velocity  z-velocity     time/iter
   133  2.9824e-05  2.1600e-07  1.8136e-07  1.5350e-07  1:08:56 2367

 Reversed flow on 16 faces (6.3% area) of pressure-outlet 19.

 Reversed flow on 176 faces (35.1% area) of pressure-outlet 18.
   134  2.8631e-05  2.0808e-07  1.7448e-07  1.4848e-07  1:07:52 2366

 Reversed flow on 16 faces (6.3% area) of pressure-outlet 19.

 Reversed flow on 176 faces (35.1% area) of pressure-outlet 18.
   135  2.7656e-05  2.0125e-07  1.6854e-07  1.4405e-07  1:07:08 2365

 Reversed flow on 16 faces (6.3% area) of pressure-outlet 19.

 Reversed flow on 176 faces (35.1% area) of pressure-outlet 18.
   136  2.6608e-05  1.9402e-07  1.6230e-07  1.3984e-07  1:06:41 2364

 Reversed flow on 16 faces (6.3% area) of pressure-outlet 19.

 Reversed flow on 176 faces (35.1% area) of pressure-outlet 18.
   137  2.5648e-05  1.8746e-07  1.5662e-07  1.3583e-07  1:06:20 2363

 Reversed flow on 16 faces (6.3% area) of pressure-outlet 19.

 Reversed flow on 176 faces (35.1% area) of pressure-outlet 18.
   138  2.4796e-05  1.8225e-07  1.5203e-07  1.3043e-07  1:06:08 2362

 Reversed flow on 16 faces (6.3% area) of pressure-outlet 19.

 Reversed flow on 176 faces (35.1% area) of pressure-outlet 18.
   139  2.3910e-05  1.7626e-07  1.4709e-07  1.2571e-07  1:05:46 2361

 Reversed flow on 16 faces (6.3% area) of pressure-outlet 19.

 Reversed flow on 176 faces (35.1% area) of pressure-outlet 18.
   140  2.3081e-05  1.7064e-07  1.4244e-07  1.2129e-07  1:05:21 2360

 Reversed flow on 16 faces (6.3% area) of pressure-outlet 19.

 Reversed flow on 176 faces (35.1% area) of pressure-outlet 18.
   141  2.2414e-05  1.6607e-07  1.3860e-07  1.1734e-07  1:05:09 2359

 Reversed flow on 16 faces (6.3% area) of pressure-outlet 19.

 Reversed flow on 176 faces (35.1% area) of pressure-outlet 18.
   142  2.1616e-05  1.6084e-07  1.3423e-07  1.1352e-07  1:05:02 2358

 Reversed flow on 16 faces (6.3% area) of pressure-outlet 19.

 Reversed flow on 176 faces (35.1% area) of pressure-outlet 18.
   143  2.0876e-05  1.5590e-07  1.3007e-07  1.0980e-07  1:04:57 2357

 Reversed flow on 16 faces (6.3% area) of pressure-outlet 19.

 Reversed flow on 176 faces (35.1% area) of pressure-outlet 18.

  iter  continuity  x-velocity  y-velocity  z-velocity     time/iter
   144  2.0309e-05  1.5206e-07  1.2669e-07  1.0651e-07  1:05:03 2356

 Reversed flow on 16 faces (6.3% area) of pressure-outlet 19.

 Reversed flow on 176 faces (35.1% area) of pressure-outlet 18.
   145  1.9591e-05  1.4743e-07  1.2233e-07  1.0320e-07  1:04:56 2355

 Reversed flow on 16 faces (6.3% area) of pressure-outlet 19.

 Reversed flow on 176 faces (35.1% area) of pressure-outlet 18.
   146  1.8921e-05  1.4301e-07  1.1827e-07  9.9949e-08  1:04:40 2354

 Reversed flow on 16 faces (6.3% area) of pressure-outlet 19.

 Reversed flow on 176 faces (35.1% area) of pressure-outlet 18.
   147  1.8407e-05  1.3939e-07  1.1496e-07  9.7065e-08  1:04:24 2353

 Reversed flow on 16 faces (6.3% area) of pressure-outlet 19.

 Reversed flow on 176 faces (35.1% area) of pressure-outlet 18.
   148  1.7763e-05  1.3493e-07  1.1111e-07  9.4147e-08  1:04:21 2352

 Reversed flow on 16 faces (6.3% area) of pressure-outlet 19.

 Reversed flow on 176 faces (35.1% area) of pressure-outlet 18.
   149  1.7167e-05  1.3083e-07  1.0756e-07  9.1331e-08  1:04:31 2351

 Reversed flow on 16 faces (6.3% area) of pressure-outlet 19.

 Reversed flow on 176 faces (35.1% area) of pressure-outlet 18.
   150  1.6705e-05  1.2763e-07  1.0466e-07  8.8535e-08  1:04:21 2350

 Reversed flow on 16 faces (6.3% area) of pressure-outlet 19.

 Reversed flow on 176 faces (35.1% area) of pressure-outlet 18.
   151  1.6102e-05  1.2351e-07  1.0111e-07  8.5639e-08  1:04:20 2349

 Reversed flow on 16 faces (6.3% area) of pressure-outlet 19.

 Reversed flow on 176 faces (35.1% area) of pressure-outlet 18.
   152  1.5540e-05  1.1970e-07  9.7765e-08  8.2857e-08  1:04:26 2348

 Reversed flow on 16 faces (6.3% area) of pressure-outlet 19.

 Reversed flow on 176 faces (35.1% area) of pressure-outlet 18.
   153  1.5128e-05  1.1676e-07  9.5054e-08  8.0477e-08  1:04:12 2347

 Reversed flow on 16 faces (6.3% area) of pressure-outlet 19.

 Reversed flow on 176 faces (35.1% area) of pressure-outlet 18.
   154  1.4583e-05  1.1297e-07  9.1815e-08  7.8066e-08  1:04:16 2346

 Reversed flow on 16 faces (6.3% area) of pressure-outlet 19.

 Reversed flow on 176 faces (35.1% area) of pressure-outlet 18.

  iter  continuity  x-velocity  y-velocity  z-velocity     time/iter
   155  1.4135e-05  1.0980e-07  8.9234e-08  7.5821e-08  1:04:18 2345

 Reversed flow on 16 faces (6.3% area) of pressure-outlet 19.

 Reversed flow on 176 faces (35.1% area) of pressure-outlet 18.
   156  1.3844e-05  1.0731e-07  8.7275e-08  7.3818e-08  1:04:34 2344

 Reversed flow on 16 faces (6.3% area) of pressure-outlet 19.

 Reversed flow on 176 faces (35.1% area) of pressure-outlet 18.
   157  1.3401e-05  1.0386e-07  8.4597e-08  7.1728e-08  1:04:32 2343

 Reversed flow on 16 faces (6.3% area) of pressure-outlet 19.

 Reversed flow on 176 faces (35.1% area) of pressure-outlet 18.
   158  1.2984e-05  1.0056e-07  8.2022e-08  6.9620e-08  1:04:36 2342

 Reversed flow on 16 faces (6.3% area) of pressure-outlet 19.

 Reversed flow on 176 faces (35.1% area) of pressure-outlet 18.
   159  1.2687e-05  9.7962e-08  7.9946e-08  6.7781e-08  1:04:38 2341

 Reversed flow on 16 faces (6.3% area) of pressure-outlet 19.

 Reversed flow on 176 faces (35.1% area) of pressure-outlet 18.
   160  1.2237e-05  9.4531e-08  7.7229e-08  6.5828e-08  1:04:36 2340

 Reversed flow on 16 faces (6.3% area) of pressure-outlet 19.

 Reversed flow on 176 faces (35.1% area) of pressure-outlet 18.
   161  1.1826e-05  9.1418e-08  7.4761e-08  6.3887e-08  1:04:41 2339

 Reversed flow on 16 faces (6.3% area) of pressure-outlet 19.

 Reversed flow on 176 faces (35.1% area) of pressure-outlet 18.
   162  1.1551e-05  8.9068e-08  7.2870e-08  6.2215e-08  1:04:45 2338

 Reversed flow on 16 faces (6.3% area) of pressure-outlet 19.

 Reversed flow on 176 faces (35.1% area) of pressure-outlet 18.
   163  1.1137e-05  8.5965e-08  7.0400e-08  6.0454e-08  1:04:41 2337

 Reversed flow on 16 faces (6.3% area) of pressure-outlet 19.

 Reversed flow on 176 faces (35.1% area) of pressure-outlet 18.
   164  1.0771e-05  8.3197e-08  6.8222e-08  5.8719e-08  1:04:15 2336

 Reversed flow on 16 faces (6.3% area) of pressure-outlet 19.

 Reversed flow on 176 faces (35.1% area) of pressure-outlet 18.
   165  1.0544e-05  8.1199e-08  6.6607e-08  5.7264e-08  1:03:51 2335

 Reversed flow on 16 faces (6.3% area) of pressure-outlet 19.

 Reversed flow on 176 faces (35.1% area) of pressure-outlet 18.

  iter  continuity  x-velocity  y-velocity  z-velocity     time/iter
   166  1.0185e-05  7.8450e-08  6.4557e-08  5.5822e-08  1:03:38 2334

 Reversed flow on 16 faces (6.3% area) of pressure-outlet 19.

 Reversed flow on 176 faces (35.1% area) of pressure-outlet 18.
   167  9.8826e-06  7.6060e-08  6.2792e-08  5.4376e-08  1:03:43 2333

 Reversed flow on 16 faces (6.3% area) of pressure-outlet 19.

 Reversed flow on 176 faces (35.1% area) of pressure-outlet 18.
   168  9.7108e-06  7.4365e-08  6.1468e-08  5.3105e-08  1:03:59 2332

 Reversed flow on 16 faces (6.3% area) of pressure-outlet 19.

 Reversed flow on 176 faces (35.1% area) of pressure-outlet 18.
   169  9.3865e-06  7.1834e-08  5.9458e-08  5.1684e-08  1:03:49 2331

 Reversed flow on 16 faces (6.3% area) of pressure-outlet 19.

 Reversed flow on 176 faces (35.1% area) of pressure-outlet 18.
   170  9.0979e-06  6.9607e-08  5.7693e-08  5.0276e-08  1:03:52 2330

 Reversed flow on 16 faces (6.3% area) of pressure-outlet 19.

 Reversed flow on 176 faces (35.1% area) of pressure-outlet 18.
   171  8.9378e-06  6.8133e-08  5.6434e-08  4.9133e-08  1:03:57 2329

 Reversed flow on 16 faces (6.3% area) of pressure-outlet 19.

 Reversed flow on 176 faces (35.1% area) of pressure-outlet 18.
   172  8.6321e-06  6.5868e-08  5.4583e-08  4.7899e-08  1:03:53 2328

 Reversed flow on 16 faces (6.3% area) of pressure-outlet 19.

 Reversed flow on 176 faces (35.1% area) of pressure-outlet 18.
   173  8.3740e-06  6.3943e-08  5.3071e-08  4.6706e-08  1:03:56 2327

 Reversed flow on 16 faces (6.3% area) of pressure-outlet 19.

 Reversed flow on 176 faces (35.1% area) of pressure-outlet 18.
   174  8.2735e-06  6.2964e-08  5.2185e-08  4.5951e-08  1:03:48 2326

 Reversed flow on 16 faces (6.3% area) of pressure-outlet 19.

 Reversed flow on 176 faces (35.1% area) of pressure-outlet 18.
   175  7.9966e-06  6.0857e-08  5.0492e-08  4.4789e-08  1:03:54 2325

 Reversed flow on 16 faces (6.3% area) of pressure-outlet 19.

 Reversed flow on 176 faces (35.1% area) of pressure-outlet 18.
   176  7.7722e-06  5.9198e-08  4.9204e-08  4.3751e-08  1:03:53 2324

 Reversed flow on 16 faces (6.3% area) of pressure-outlet 19.

 Reversed flow on 176 faces (35.1% area) of pressure-outlet 18.

  iter  continuity  x-velocity  y-velocity  z-velocity     time/iter
   177  7.6884e-06  5.8324e-08  4.8455e-08  4.2993e-08  1:03:52 2323

 Reversed flow on 16 faces (6.3% area) of pressure-outlet 19.

 Reversed flow on 176 faces (35.1% area) of pressure-outlet 18.
   178  7.4768e-06  5.6778e-08  4.7176e-08  4.2250e-08  1:03:43 2322

 Reversed flow on 16 faces (6.3% area) of pressure-outlet 19.

 Reversed flow on 176 faces (35.1% area) of pressure-outlet 18.
   179  7.2888e-06  5.5355e-08  4.6080e-08  4.1326e-08  1:03:37 2321

 Reversed flow on 16 faces (6.3% area) of pressure-outlet 19.

 Reversed flow on 176 faces (35.1% area) of pressure-outlet 18.
   180  7.2498e-06  5.4862e-08  4.5609e-08  4.0834e-08  1:03:38 2320

 Reversed flow on 16 faces (6.3% area) of pressure-outlet 19.

 Reversed flow on 176 faces (35.1% area) of pressure-outlet 18.
   181  7.0600e-06  5.3454e-08  4.4473e-08  4.0140e-08  1:04:13 2319

 Reversed flow on 16 faces (6.3% area) of pressure-outlet 19.

 Reversed flow on 176 faces (35.1% area) of pressure-outlet 18.
   182  6.9098e-06  5.2376e-08  4.3665e-08  3.9465e-08  1:04:13 2318

 Reversed flow on 16 faces (6.3% area) of pressure-outlet 19.

 Reversed flow on 176 faces (35.1% area) of pressure-outlet 18.
   183  6.8915e-06  5.2039e-08  4.3362e-08  3.9045e-08  1:03:57 2317

 Reversed flow on 16 faces (6.3% area) of pressure-outlet 19.

 Reversed flow on 176 faces (35.1% area) of pressure-outlet 18.
   184  6.7249e-06  5.0852e-08  4.2440e-08  3.8498e-08  1:04:00 2316

 Reversed flow on 16 faces (6.3% area) of pressure-outlet 19.

 Reversed flow on 176 faces (35.1% area) of pressure-outlet 18.
   185  6.6013e-06  4.9992e-08  4.1855e-08  3.7984e-08  1:03:48 2315

 Reversed flow on 16 faces (6.3% area) of pressure-outlet 19.

 Reversed flow on 176 faces (35.1% area) of pressure-outlet 18.
   186  6.6111e-06  4.9863e-08  4.1761e-08  3.7721e-08  1:03:40 2314

 Reversed flow on 16 faces (6.3% area) of pressure-outlet 19.

 Reversed flow on 176 faces (35.1% area) of pressure-outlet 18.
   187  6.4711e-06  4.8853e-08  4.1021e-08  3.7315e-08  1:03:38 2313

 Reversed flow on 16 faces (6.3% area) of pressure-outlet 19.

 Reversed flow on 176 faces (35.1% area) of pressure-outlet 18.

  iter  continuity  x-velocity  y-velocity  z-velocity     time/iter
   188  6.3721e-06  4.8161e-08  4.0611e-08  3.6929e-08  1:03:30 2312

 Reversed flow on 16 faces (6.3% area) of pressure-outlet 19.

 Reversed flow on 176 faces (35.1% area) of pressure-outlet 18.
   189  6.4039e-06  4.8175e-08  4.0678e-08  3.6775e-08  1:03:10 2311

 Reversed flow on 16 faces (6.3% area) of pressure-outlet 19.

 Reversed flow on 176 faces (35.1% area) of pressure-outlet 18.
   190  6.2839e-06  4.7299e-08  4.0091e-08  3.6470e-08  1:03:01 2310

 Reversed flow on 16 faces (6.3% area) of pressure-outlet 19.

 Reversed flow on 176 faces (35.1% area) of pressure-outlet 18.
   191  6.2048e-06  4.6747e-08  3.9844e-08  3.6188e-08  1:02:46 2309

 Reversed flow on 16 faces (6.3% area) of pressure-outlet 19.

 Reversed flow on 176 faces (35.1% area) of pressure-outlet 18.
   192  6.2566e-06  4.6896e-08  4.0071e-08  3.6138e-08  1:02:44 2308

 Reversed flow on 16 faces (6.3% area) of pressure-outlet 19.

 Reversed flow on 176 faces (35.1% area) of pressure-outlet 18.
   193  6.1527e-06  4.6156e-08  3.9630e-08  3.5934e-08  1:02:51 2307

 Reversed flow on 16 faces (6.3% area) of pressure-outlet 19.

 Reversed flow on 176 faces (35.1% area) of pressure-outlet 18.
   194  6.0955e-06  4.5742e-08  3.9688e-08  3.5752e-08  1:02:56 2306

 Reversed flow on 16 faces (6.3% area) of pressure-outlet 19.

 Reversed flow on 176 faces (35.1% area) of pressure-outlet 18.
   195  6.1694e-06  4.6027e-08  4.0136e-08  3.5775e-08  1:02:53 2305

 Reversed flow on 16 faces (6.3% area) of pressure-outlet 19.

 Reversed flow on 176 faces (35.1% area) of pressure-outlet 18.
   196  6.0671e-06  4.5419e-08  3.9263e-08  3.5636e-08  1:02:49 2304

 Reversed flow on 16 faces (6.3% area) of pressure-outlet 19.

 Reversed flow on 176 faces (35.1% area) of pressure-outlet 18.
   197  5.9581e-06  4.4945e-08  3.8114e-08  3.5322e-08  1:02:43 2303

 Reversed flow on 16 faces (6.3% area) of pressure-outlet 19.

 Reversed flow on 176 faces (35.1% area) of pressure-outlet 18.
   198  5.9686e-06  4.4983e-08  3.7378e-08  3.5100e-08  1:02:48 2302

 Reversed flow on 16 faces (6.3% area) of pressure-outlet 19.

 Reversed flow on 176 faces (35.1% area) of pressure-outlet 18.

  iter  continuity  x-velocity  y-velocity  z-velocity     time/iter
   199  5.8038e-06  4.4006e-08  3.5925e-08  3.4637e-08  1:03:08 2301

 Reversed flow on 16 faces (6.3% area) of pressure-outlet 19.

 Reversed flow on 176 faces (35.1% area) of pressure-outlet 18.
   200  5.6677e-06  4.3260e-08  3.4803e-08  3.4144e-08  1:03:11 2300

 Reversed flow on 16 faces (6.3% area) of pressure-outlet 19.

 Reversed flow on 176 faces (35.1% area) of pressure-outlet 18.
   201  5.6556e-06  4.3124e-08  3.4096e-08  3.3833e-08  1:03:17 2299

 Reversed flow on 16 faces (6.3% area) of pressure-outlet 19.

 Reversed flow on 176 faces (35.1% area) of pressure-outlet 18.
   202  5.4812e-06  4.2034e-08  3.2718e-08  3.3322e-08  1:03:10 2298

 Reversed flow on 16 faces (6.3% area) of pressure-outlet 19.

 Reversed flow on 176 faces (35.1% area) of pressure-outlet 18.
   203  5.3386e-06  4.1219e-08  3.1674e-08  3.2778e-08  1:03:08 2297

 Reversed flow on 16 faces (6.3% area) of pressure-outlet 19.

 Reversed flow on 176 faces (35.1% area) of pressure-outlet 18.
   204  5.3219e-06  4.1027e-08  3.1049e-08  3.2424e-08  1:02:55 2296

 Reversed flow on 16 faces (6.3% area) of pressure-outlet 19.

 Reversed flow on 176 faces (35.1% area) of pressure-outlet 18.
   205  5.1505e-06  3.9933e-08  2.9787e-08  3.1888e-08  1:02:42 2295

 Reversed flow on 16 faces (6.3% area) of pressure-outlet 19.

 Reversed flow on 176 faces (35.1% area) of pressure-outlet 18.
   206  5.0218e-06  3.9157e-08  2.8889e-08  3.1365e-08  1:02:44 2294

 Reversed flow on 16 faces (6.3% area) of pressure-outlet 19.

 Reversed flow on 176 faces (35.1% area) of pressure-outlet 18.
   207  5.0208e-06  3.9040e-08  2.8430e-08  3.1050e-08  1:02:41 2293

 Reversed flow on 16 faces (6.3% area) of pressure-outlet 19.

 Reversed flow on 176 faces (35.1% area) of pressure-outlet 18.
   208  4.8648e-06  3.8024e-08  2.7332e-08  3.0552e-08  1:02:23 2292

 Reversed flow on 16 faces (6.3% area) of pressure-outlet 19.

 Reversed flow on 176 faces (35.1% area) of pressure-outlet 18.
   209  4.7505e-06  3.7342e-08  2.6596e-08  3.0080e-08  1:02:08 2291

 Reversed flow on 16 faces (6.3% area) of pressure-outlet 19.

 Reversed flow on 176 faces (35.1% area) of pressure-outlet 18.

  iter  continuity  x-velocity  y-velocity  z-velocity     time/iter
   210  4.7627e-06  3.7328e-08  2.6293e-08  2.9827e-08  1:01:56 2290

 Reversed flow on 16 faces (6.3% area) of pressure-outlet 19.

 Reversed flow on 176 faces (35.1% area) of pressure-outlet 18.
   211  4.6193e-06  3.6406e-08  2.5332e-08  2.9394e-08  1:02:00 2289

 Reversed flow on 16 faces (6.3% area) of pressure-outlet 19.

 Reversed flow on 176 faces (35.1% area) of pressure-outlet 18.
   212  4.5175e-06  3.5820e-08  2.4729e-08  2.8990e-08  1:01:49 2288

 Reversed flow on 16 faces (6.3% area) of pressure-outlet 19.

 Reversed flow on 176 faces (35.1% area) of pressure-outlet 18.
   213  4.5435e-06  3.5907e-08  2.4562e-08  2.8808e-08  1:01:41 2287

 Reversed flow on 16 faces (6.3% area) of pressure-outlet 19.

 Reversed flow on 176 faces (35.1% area) of pressure-outlet 18.
   214  4.4144e-06  3.5077e-08  2.3732e-08  2.8449e-08  1:01:34 2286

 Reversed flow on 16 faces (6.3% area) of pressure-outlet 19.

 Reversed flow on 176 faces (35.1% area) of pressure-outlet 18.
   215  4.3269e-06  3.4585e-08  2.3257e-08  2.8120e-08  1:01:30 2285

 Reversed flow on 16 faces (6.3% area) of pressure-outlet 19.

 Reversed flow on 176 faces (35.1% area) of pressure-outlet 18.
   216  4.3675e-06  3.4770e-08  2.3217e-08  2.8007e-08  1:01:24 2284

 Reversed flow on 16 faces (6.3% area) of pressure-outlet 19.

 Reversed flow on 176 faces (35.1% area) of pressure-outlet 18.
   217  4.2521e-06  3.4022e-08  2.2503e-08  2.7718e-08  1:01:19 2283

 Reversed flow on 16 faces (6.3% area) of pressure-outlet 19.

 Reversed flow on 176 faces (35.1% area) of pressure-outlet 18.
   218  4.1780e-06  3.3617e-08  2.2139e-08  2.7458e-08  1:01:16 2282

 Reversed flow on 16 faces (6.3% area) of pressure-outlet 19.

 Reversed flow on 176 faces (35.1% area) of pressure-outlet 18.
   219  4.2310e-06  3.3890e-08  2.2204e-08  2.7413e-08  1:01:13 2281

 Reversed flow on 16 faces (6.3% area) of pressure-outlet 19.

 Reversed flow on 176 faces (35.1% area) of pressure-outlet 18.
   220  4.1270e-06  3.3218e-08  2.1585e-08  2.7185e-08  1:01:09 2280

 Reversed flow on 16 faces (6.3% area) of pressure-outlet 19.

 Reversed flow on 176 faces (35.1% area) of pressure-outlet 18.

  iter  continuity  x-velocity  y-velocity  z-velocity     time/iter
   221  4.0642e-06  3.2893e-08  2.1315e-08  2.6982e-08  1:01:06 2279

 Reversed flow on 16 faces (6.3% area) of pressure-outlet 19.

 Reversed flow on 176 faces (35.1% area) of pressure-outlet 18.
   222  4.1279e-06  3.3240e-08  2.1461e-08  2.6990e-08  1:01:15 2278

 Reversed flow on 16 faces (6.3% area) of pressure-outlet 19.

 Reversed flow on 176 faces (35.1% area) of pressure-outlet 18.
   223  4.0334e-06  3.2635e-08  2.0920e-08  2.6816e-08  1:01:10 2277

 Reversed flow on 16 faces (6.3% area) of pressure-outlet 19.

 Reversed flow on 176 faces (35.1% area) of pressure-outlet 18.
   224  3.9798e-06  3.2375e-08  2.0721e-08  2.6667e-08  1:01:20 2276

 Reversed flow on 16 faces (6.3% area) of pressure-outlet 19.

 Reversed flow on 176 faces (35.1% area) of pressure-outlet 18.
   225  4.0520e-06  3.2781e-08  2.0921e-08  2.6726e-08  1:01:26 2275

 Reversed flow on 16 faces (6.3% area) of pressure-outlet 19.

 Reversed flow on 176 faces (35.1% area) of pressure-outlet 18.
   226  3.9649e-06  3.2227e-08  2.0431e-08  2.6592e-08  1:01:29 2274

 Reversed flow on 16 faces (6.3% area) of pressure-outlet 19.

 Reversed flow on 176 faces (35.1% area) of pressure-outlet 18.
   227  3.9186e-06  3.2021e-08  2.0281e-08  2.6477e-08  1:01:33 2273

 Reversed flow on 16 faces (6.3% area) of pressure-outlet 19.

 Reversed flow on 176 faces (35.1% area) of pressure-outlet 18.
   228  3.9853e-06  3.2458e-08  2.0514e-08  2.6467e-08  1:02:06 2272

 Reversed flow on 16 faces (6.3% area) of pressure-outlet 19.

 Reversed flow on 176 faces (35.1% area) of pressure-outlet 18.
   229  3.8864e-06  3.1922e-08  2.0061e-08  2.6216e-08  1:02:31 2271

 Reversed flow on 16 faces (6.3% area) of pressure-outlet 19.

 Reversed flow on 176 faces (35.1% area) of pressure-outlet 18.
   230  3.8297e-06  3.1737e-08  1.9937e-08  2.6085e-08  1:02:31 2270

 Reversed flow on 16 faces (6.3% area) of pressure-outlet 19.

 Reversed flow on 176 faces (35.1% area) of pressure-outlet 18.
   231  3.8981e-06  3.2186e-08  2.0179e-08  2.6186e-08  1:02:16 2269

 Reversed flow on 16 faces (6.3% area) of pressure-outlet 19.

 Reversed flow on 176 faces (35.1% area) of pressure-outlet 18.

  iter  continuity  x-velocity  y-velocity  z-velocity     time/iter
   232  3.8075e-06  3.1665e-08  1.9738e-08  2.6115e-08  1:02:09 2268

 Reversed flow on 16 faces (6.3% area) of pressure-outlet 19.

 Reversed flow on 176 faces (35.1% area) of pressure-outlet 18.
   233  3.7591e-06  3.1491e-08  1.9640e-08  2.6054e-08  1:02:01 2267

 Reversed flow on 16 faces (6.3% area) of pressure-outlet 19.

 Reversed flow on 176 faces (35.1% area) of pressure-outlet 18.
   234  3.8343e-06  3.1951e-08  1.9903e-08  2.6184e-08  1:01:50 2266

 Reversed flow on 16 faces (6.3% area) of pressure-outlet 19.

 Reversed flow on 176 faces (35.1% area) of pressure-outlet 18.
   235  3.8093e-06  3.2119e-08  1.9524e-08  2.6105e-08  1:01:39 2265

 Reversed flow on 16 faces (6.3% area) of pressure-outlet 19.

 Reversed flow on 176 faces (35.1% area) of pressure-outlet 18.
   236  3.8151e-06  3.2953e-08  1.9764e-08  2.6234e-08  1:01:44 2264

 Reversed flow on 16 faces (6.3% area) of pressure-outlet 19.

 Reversed flow on 176 faces (35.1% area) of pressure-outlet 18.
   237  4.0344e-06  3.4603e-08  2.0671e-08  2.7007e-08  1:01:45 2263

 Reversed flow on 16 faces (6.3% area) of pressure-outlet 19.

 Reversed flow on 176 faces (35.1% area) of pressure-outlet 18.
   238  4.1490e-06  3.5301e-08  2.1048e-08  2.7728e-08  1:01:29 2262

 Reversed flow on 16 faces (6.3% area) of pressure-outlet 19.

 Reversed flow on 176 faces (35.1% area) of pressure-outlet 18.
   239  4.2879e-06  3.5910e-08  2.1647e-08  2.8255e-08  1:01:26 2261

 Reversed flow on 16 faces (6.3% area) of pressure-outlet 19.

 Reversed flow on 176 faces (35.1% area) of pressure-outlet 18.
   240  4.5249e-06  3.6849e-08  2.2311e-08  2.8879e-08  1:01:19 2260

 Reversed flow on 16 faces (6.3% area) of pressure-outlet 19.

 Reversed flow on 176 faces (35.1% area) of pressure-outlet 18.
   241  4.5760e-06  3.6708e-08  2.2123e-08  2.9208e-08  1:01:29 2259

 Reversed flow on 16 faces (6.3% area) of pressure-outlet 19.

 Reversed flow on 176 faces (35.1% area) of pressure-outlet 18.
   242  4.6350e-06  3.6776e-08  2.2215e-08  2.9484e-08  1:01:15 2258

 Reversed flow on 16 faces (6.3% area) of pressure-outlet 19.

 Reversed flow on 176 faces (35.1% area) of pressure-outlet 18.

  iter  continuity  x-velocity  y-velocity  z-velocity     time/iter
   243  4.7917e-06  3.7168e-08  2.2498e-08  2.9849e-08  1:01:13 2257

 Reversed flow on 16 faces (6.3% area) of pressure-outlet 19.

 Reversed flow on 176 faces (35.1% area) of pressure-outlet 18.
   244  4.7519e-06  3.6460e-08  2.1950e-08  2.9730e-08  1:01:07 2256

 Reversed flow on 16 faces (6.3% area) of pressure-outlet 19.

 Reversed flow on 176 faces (35.1% area) of pressure-outlet 18.
   245  4.7205e-06  3.6079e-08  2.1783e-08  2.9589e-08  1:01:12 2255

 Reversed flow on 16 faces (6.3% area) of pressure-outlet 19.

 Reversed flow on 176 faces (35.1% area) of pressure-outlet 18.
   246  4.7912e-06  3.6230e-08  2.1953e-08  2.9578e-08  1:01:09 2254

 Reversed flow on 16 faces (6.3% area) of pressure-outlet 19.

 Reversed flow on 176 faces (35.1% area) of pressure-outlet 18.
   247  4.6893e-06  3.5335e-08  2.1393e-08  2.9247e-08  1:01:10 2253

 Reversed flow on 16 faces (6.3% area) of pressure-outlet 19.

 Reversed flow on 176 faces (35.1% area) of pressure-outlet 18.
   248  4.6163e-06  3.4788e-08  2.1190e-08  2.8871e-08  1:01:08 2252

 Reversed flow on 16 faces (6.3% area) of pressure-outlet 19.

 Reversed flow on 176 faces (35.1% area) of pressure-outlet 18.
   249  4.6526e-06  3.4819e-08  2.1313e-08  2.8654e-08  1:00:57 2251

 Reversed flow on 16 faces (6.3% area) of pressure-outlet 19.

 Reversed flow on 176 faces (35.1% area) of pressure-outlet 18.
   250  4.5380e-06  3.4023e-08  2.0846e-08  2.8307e-08  1:00:47 2250

 Reversed flow on 16 faces (6.3% area) of pressure-outlet 19.

 Reversed flow on 176 faces (35.1% area) of pressure-outlet 18.
   251  4.5228e-06  3.3574e-08  2.0674e-08  2.8051e-08  1:00:43 2249

 Reversed flow on 16 faces (6.3% area) of pressure-outlet 19.

 Reversed flow on 176 faces (35.1% area) of pressure-outlet 18.
   252  4.6280e-06  3.3638e-08  2.0814e-08  2.8175e-08  1:00:45 2248

 Reversed flow on 16 faces (6.3% area) of pressure-outlet 19.

 Reversed flow on 176 faces (35.1% area) of pressure-outlet 18.
   253  4.5566e-06  3.3198e-08  2.0654e-08  2.8107e-08  1:01:32 2247

 Reversed flow on 16 faces (6.3% area) of pressure-outlet 19.

 Reversed flow on 176 faces (35.1% area) of pressure-outlet 18.

  iter  continuity  x-velocity  y-velocity  z-velocity     time/iter
   254  4.5242e-06  3.3124e-08  2.0927e-08  2.7800e-08  1:01:28 2246

 Reversed flow on 16 faces (6.3% area) of pressure-outlet 19.

 Reversed flow on 176 faces (35.1% area) of pressure-outlet 18.
   255  4.5819e-06  3.3364e-08  2.1350e-08  2.7422e-08  1:01:32 2245

 Reversed flow on 16 faces (6.3% area) of pressure-outlet 19.

 Reversed flow on 176 faces (35.1% area) of pressure-outlet 18.
   256  4.4601e-06  3.2590e-08  2.0994e-08  2.6762e-08  1:01:49 2244

 Reversed flow on 16 faces (6.3% area) of pressure-outlet 19.

 Reversed flow on 176 faces (35.1% area) of pressure-outlet 18.
   257  4.3433e-06  3.1893e-08  2.0754e-08  2.6026e-08  1:01:53 2243

 Reversed flow on 16 faces (6.3% area) of pressure-outlet 19.

 Reversed flow on 176 faces (35.1% area) of pressure-outlet 18.
   258  4.3142e-06  3.1504e-08  2.0660e-08  2.5328e-08  1:01:48 2242

 Reversed flow on 16 faces (6.3% area) of pressure-outlet 19.

 Reversed flow on 176 faces (35.1% area) of pressure-outlet 18.
   259  4.1212e-06  3.0153e-08  1.9962e-08  2.4454e-08  1:01:51 2241

 Reversed flow on 16 faces (6.3% area) of pressure-outlet 19.

 Reversed flow on 176 faces (35.1% area) of pressure-outlet 18.
   260  3.9638e-06  2.9129e-08  1.9533e-08  2.3530e-08  1:01:47 2240

 Reversed flow on 16 faces (6.3% area) of pressure-outlet 19.

 Reversed flow on 176 faces (35.1% area) of pressure-outlet 18.
   261  3.9023e-06  2.8528e-08  1.9271e-08  2.2698e-08  1:01:24 2239

 Reversed flow on 16 faces (6.3% area) of pressure-outlet 19.

 Reversed flow on 176 faces (35.1% area) of pressure-outlet 18.
   262  3.6939e-06  2.7237e-08  1.8471e-08  2.1792e-08  1:01:05 2238

 Reversed flow on 16 faces (6.3% area) of pressure-outlet 19.

 Reversed flow on 176 faces (35.1% area) of pressure-outlet 18.
   263  3.5353e-06  2.6366e-08  1.8040e-08  2.0915e-08  1:00:49 2237

 Reversed flow on 16 faces (6.3% area) of pressure-outlet 19.

 Reversed flow on 176 faces (35.1% area) of pressure-outlet 18.
   264  3.4828e-06  2.5917e-08  1.7818e-08  2.0168e-08  1:00:35 2236

 Reversed flow on 16 faces (6.3% area) of pressure-outlet 19.

 Reversed flow on 176 faces (35.1% area) of pressure-outlet 18.

  iter  continuity  x-velocity  y-velocity  z-velocity     time/iter
   265  3.2830e-06  2.4739e-08  1.7048e-08  1.9361e-08  1:00:23 2235

 Reversed flow on 16 faces (6.3% area) of pressure-outlet 19.

 Reversed flow on 176 faces (35.1% area) of pressure-outlet 18.
   266  3.1390e-06  2.3971e-08  1.6652e-08  1.8592e-08  1:00:18 2234

 Reversed flow on 16 faces (6.3% area) of pressure-outlet 19.

 Reversed flow on 176 faces (35.1% area) of pressure-outlet 18.
   267  3.1089e-06  2.3655e-08  1.6498e-08  1.7943e-08  1:00:15 2233

 Reversed flow on 16 faces (6.3% area) of pressure-outlet 19.

 Reversed flow on 176 faces (35.1% area) of pressure-outlet 18.
   268  2.9316e-06  2.2566e-08  1.5766e-08  1.7192e-08  1:02:51 2232

 Reversed flow on 16 faces (6.3% area) of pressure-outlet 19.

 Reversed flow on 176 faces (35.1% area) of pressure-outlet 18.
   269  2.8064e-06  2.1846e-08  1.5383e-08  1.6484e-08  1:02:19 2231

 Reversed flow on 16 faces (6.3% area) of pressure-outlet 19.

 Reversed flow on 176 faces (35.1% area) of pressure-outlet 18.
   270  2.7935e-06  2.1593e-08  1.5251e-08  1.5912e-08  1:02:58 2230

 Reversed flow on 16 faces (6.3% area) of pressure-outlet 19.

 Reversed flow on 176 faces (35.1% area) of pressure-outlet 18.
   271  2.6309e-06  2.0548e-08  1.4534e-08  1.5219e-08  1:02:57 2229

 Reversed flow on 16 faces (6.3% area) of pressure-outlet 19.

 Reversed flow on 176 faces (35.1% area) of pressure-outlet 18.
   272  2.5179e-06  1.9857e-08  1.4169e-08  1.4567e-08  1:02:19 2228

 Reversed flow on 16 faces (6.3% area) of pressure-outlet 19.

 Reversed flow on 176 faces (35.1% area) of pressure-outlet 18.
   273  2.5152e-06  1.9642e-08  1.4060e-08  1.4055e-08  1:01:51 2227

 Reversed flow on 16 faces (6.3% area) of pressure-outlet 19.

 Reversed flow on 176 faces (35.1% area) of pressure-outlet 18.
   274  2.3618e-06  1.8629e-08  1.3349e-08  1.3413e-08  1:01:24 2226

 Reversed flow on 16 faces (6.3% area) of pressure-outlet 19.

 Reversed flow on 176 faces (35.1% area) of pressure-outlet 18.
   275  2.2577e-06  1.7985e-08  1.2994e-08  1.2824e-08  1:01:00 2225

 Reversed flow on 16 faces (6.3% area) of pressure-outlet 19.

 Reversed flow on 176 faces (35.1% area) of pressure-outlet 18.

  iter  continuity  x-velocity  y-velocity  z-velocity     time/iter
   276  2.2624e-06  1.7813e-08  1.2903e-08  1.2371e-08  1:00:41 2224

 Reversed flow on 16 faces (6.3% area) of pressure-outlet 19.

 Reversed flow on 176 faces (35.1% area) of pressure-outlet 18.
   277  2.1153e-06  1.6813e-08  1.2194e-08  1.1778e-08  1:00:29 2223

 Reversed flow on 16 faces (6.3% area) of pressure-outlet 19.

 Reversed flow on 176 faces (35.1% area) of pressure-outlet 18.
   278  2.0176e-06  1.6198e-08  1.1847e-08  1.1244e-08  1:00:16 2222

 Reversed flow on 16 faces (6.3% area) of pressure-outlet 19.

 Reversed flow on 176 faces (35.1% area) of pressure-outlet 18.
   279  2.0333e-06  1.6110e-08  1.1788e-08  1.0869e-08  1:00:05 2221

 Reversed flow on 16 faces (6.3% area) of pressure-outlet 19.

 Reversed flow on 176 faces (35.1% area) of pressure-outlet 18.
   280  1.8956e-06  1.5170e-08  1.1100e-08  1.0343e-08  1:00:18 2220

 Reversed flow on 16 faces (6.3% area) of pressure-outlet 19.

 Reversed flow on 176 faces (35.1% area) of pressure-outlet 18.
   281  1.8060e-06  1.4613e-08  1.0773e-08  9.8796e-09  1:00:48 2219

 Reversed flow on 16 faces (6.3% area) of pressure-outlet 19.

 Reversed flow on 176 faces (35.1% area) of pressure-outlet 18.
   282  1.8334e-06  1.4615e-08  1.0752e-08  9.5852e-09  1:00:44 2218

 Reversed flow on 16 faces (6.3% area) of pressure-outlet 19.

 Reversed flow on 176 faces (35.1% area) of pressure-outlet 18.
   283  1.7052e-06  1.3739e-08  1.0091e-08  9.1256e-09  1:00:35 2217

 Reversed flow on 16 faces (6.3% area) of pressure-outlet 19.

 Reversed flow on 176 faces (35.1% area) of pressure-outlet 18.
   284  1.6242e-06  1.3245e-08  9.7923e-09  8.7256e-09  1:00:42 2216

 Reversed flow on 16 faces (6.3% area) of pressure-outlet 19.

 Reversed flow on 176 faces (35.1% area) of pressure-outlet 18.
   285  1.6624e-06  1.3333e-08  9.8110e-09  8.5027e-09  1:00:48 2215

 Reversed flow on 16 faces (6.3% area) of pressure-outlet 19.

 Reversed flow on 176 faces (35.1% area) of pressure-outlet 18.
   286  1.5435e-06  1.2524e-08  9.1811e-09  8.1015e-09  1:00:34 2214

 Reversed flow on 16 faces (6.3% area) of pressure-outlet 19.

 Reversed flow on 176 faces (35.1% area) of pressure-outlet 18.

  iter  continuity  x-velocity  y-velocity  z-velocity     time/iter
   287  1.4709e-06  1.2091e-08  8.9113e-09  7.7804e-09  1:00:50 2213

 Reversed flow on 16 faces (6.3% area) of pressure-outlet 19.

 Reversed flow on 176 faces (35.1% area) of pressure-outlet 18.
   288  1.5204e-06  1.2244e-08  8.9927e-09  7.6243e-09  1:01:10 2212

 Reversed flow on 16 faces (6.3% area) of pressure-outlet 19.

 Reversed flow on 176 faces (35.1% area) of pressure-outlet 18.
   289  1.4121e-06  1.1550e-08  8.4243e-09  7.2830e-09  1:01:04 2211

 Reversed flow on 16 faces (6.3% area) of pressure-outlet 19.

 Reversed flow on 176 faces (35.1% area) of pressure-outlet 18.
   290  1.3513e-06  1.1222e-08  8.2292e-09  7.0096e-09  1:00:48 2210

 Reversed flow on 16 faces (6.3% area) of pressure-outlet 19.

 Reversed flow on 176 faces (35.1% area) of pressure-outlet 18.
   291  1.4116e-06  1.1486e-08  8.3729e-09  6.9278e-09  1:00:26 2209

 Reversed flow on 16 faces (6.3% area) of pressure-outlet 19.

 Reversed flow on 176 faces (35.1% area) of pressure-outlet 18.
   292  1.3136e-06  1.0820e-08  7.8812e-09  6.6685e-09  1:00:15 2208

 Reversed flow on 16 faces (6.3% area) of pressure-outlet 19.

 Reversed flow on 176 faces (35.1% area) of pressure-outlet 18.
   293  1.2620e-06  1.0557e-08  7.7567e-09  6.4691e-09  1:00:27 2207

 Reversed flow on 16 faces (6.3% area) of pressure-outlet 19.

 Reversed flow on 176 faces (35.1% area) of pressure-outlet 18.
   294  1.3329e-06  1.0898e-08  7.9651e-09  6.4524e-09  1:00:35 2206

 Reversed flow on 16 faces (6.3% area) of pressure-outlet 19.

 Reversed flow on 176 faces (35.1% area) of pressure-outlet 18.
   295  1.2449e-06  1.0314e-08  7.5181e-09  6.2490e-09  1:00:30 2205

 Reversed flow on 16 faces (6.3% area) of pressure-outlet 19.

 Reversed flow on 176 faces (35.1% area) of pressure-outlet 18.
   296  1.2032e-06  1.0122e-08  7.4574e-09  6.1106e-09  1:01:22 2204

 Reversed flow on 16 faces (6.3% area) of pressure-outlet 19.

 Reversed flow on 176 faces (35.1% area) of pressure-outlet 18.
   297  1.2834e-06  1.0530e-08  7.7323e-09  6.1513e-09  1:01:47 2203

 Reversed flow on 16 faces (6.3% area) of pressure-outlet 19.

 Reversed flow on 176 faces (35.1% area) of pressure-outlet 18.

  iter  continuity  x-velocity  y-velocity  z-velocity     time/iter
   298  1.2041e-06  1.0009e-08  7.3431e-09  6.0030e-09  1:02:38 2202

 Reversed flow on 16 faces (6.3% area) of pressure-outlet 19.

 Reversed flow on 176 faces (35.1% area) of pressure-outlet 18.
   299  1.1709e-06  9.8823e-09  7.3389e-09  5.9181e-09  1:03:26 2201

 Reversed flow on 16 faces (6.3% area) of pressure-outlet 19.

 Reversed flow on 176 faces (35.1% area) of pressure-outlet 18.
   300  1.2586e-06  1.0349e-08  7.6585e-09  6.0052e-09  1:04:52 2200

 Reversed flow on 16 faces (6.3% area) of pressure-outlet 19.

 Reversed flow on 176 faces (35.1% area) of pressure-outlet 18.
   301  1.1857e-06  9.8778e-09  7.3062e-09  5.9006e-09  1:04:01 2199

 Reversed flow on 16 faces (6.3% area) of pressure-outlet 19.

 Reversed flow on 176 faces (35.1% area) of pressure-outlet 18.
   302  1.1587e-06  9.8025e-09  7.3433e-09  5.8574e-09  1:03:41 2198

 Reversed flow on 16 faces (6.3% area) of pressure-outlet 19.

 Reversed flow on 176 faces (35.1% area) of pressure-outlet 18.
   303  1.2518e-06  1.0314e-08  7.6976e-09  5.9792e-09  1:03:16 2197

 Reversed flow on 16 faces (6.3% area) of pressure-outlet 19.

 Reversed flow on 176 faces (35.1% area) of pressure-outlet 18.
   304  1.1841e-06  9.8795e-09  7.3748e-09  5.9059e-09  1:02:40 2196

 Reversed flow on 16 faces (6.3% area) of pressure-outlet 19.

 Reversed flow on 176 faces (35.1% area) of pressure-outlet 18.
   305  1.1625e-06  9.8472e-09  7.4445e-09  5.8913e-09  1:02:18 2195

 Reversed flow on 16 faces (6.3% area) of pressure-outlet 19.

 Reversed flow on 176 faces (35.1% area) of pressure-outlet 18.
   306  1.2618e-06  1.0391e-08  7.8256e-09  6.0387e-09  1:02:34 2194

 Reversed flow on 16 faces (6.3% area) of pressure-outlet 19.

 Reversed flow on 176 faces (35.1% area) of pressure-outlet 18.
   307  1.1995e-06  9.9852e-09  7.5234e-09  5.9924e-09  1:02:25 2193

 Reversed flow on 16 faces (6.3% area) of pressure-outlet 19.

 Reversed flow on 176 faces (35.1% area) of pressure-outlet 18.
   308  1.1835e-06  9.9832e-09  7.6166e-09  6.0063e-09  1:01:53 2192

 Reversed flow on 16 faces (6.3% area) of pressure-outlet 19.

 Reversed flow on 176 faces (35.1% area) of pressure-outlet 18.

  iter  continuity  x-velocity  y-velocity  z-velocity     time/iter
   309  1.2844e-06  1.0516e-08  8.0048e-09  6.1670e-09  1:01:24 2191

 Reversed flow on 16 faces (6.3% area) of pressure-outlet 19.

 Reversed flow on 176 faces (35.1% area) of pressure-outlet 18.
   310  1.2230e-06  1.0088e-08  7.7058e-09  6.1253e-09  1:00:59 2190

 Reversed flow on 16 faces (6.3% area) of pressure-outlet 19.

 Reversed flow on 176 faces (35.1% area) of pressure-outlet 18.
   311  1.2067e-06  1.0064e-08  7.8026e-09  6.1391e-09  1:00:28 2189

 Reversed flow on 16 faces (6.3% area) of pressure-outlet 19.

 Reversed flow on 176 faces (35.1% area) of pressure-outlet 18.
   312  1.3059e-06  1.0595e-08  8.1970e-09  6.3036e-09  1:00:14 2188

 Reversed flow on 16 faces (6.3% area) of pressure-outlet 19.

 Reversed flow on 176 faces (35.1% area) of pressure-outlet 18.
   313  1.2424e-06  1.0164e-08  7.8993e-09  6.2664e-09  1:01:15 2187

 Reversed flow on 16 faces (6.3% area) of pressure-outlet 19.

 Reversed flow on 176 faces (35.1% area) of pressure-outlet 18.
   314  1.2246e-06  1.0143e-08  7.9985e-09  6.2870e-09  1:00:45 2186

 Reversed flow on 16 faces (6.3% area) of pressure-outlet 19.

 Reversed flow on 176 faces (35.1% area) of pressure-outlet 18.
   315  1.3217e-06  1.0673e-08  8.3905e-09  6.4552e-09  1:00:20 2185

 Reversed flow on 16 faces (6.3% area) of pressure-outlet 19.

 Reversed flow on 176 faces (35.1% area) of pressure-outlet 18.
   316  1.2566e-06  1.0241e-08  8.0933e-09  6.4229e-09  1:00:43 2184

 Reversed flow on 16 faces (6.3% area) of pressure-outlet 19.

 Reversed flow on 176 faces (35.1% area) of pressure-outlet 18.
   317  1.2379e-06  1.0224e-08  8.1926e-09  6.4500e-09  1:01:38 2183

 Reversed flow on 16 faces (6.3% area) of pressure-outlet 19.

 Reversed flow on 176 faces (35.1% area) of pressure-outlet 18.
   318  1.3336e-06  1.0750e-08  8.5796e-09  6.6216e-09  1:02:04 2182

 Reversed flow on 16 faces (6.3% area) of pressure-outlet 19.

 Reversed flow on 176 faces (35.1% area) of pressure-outlet 18.
   319  1.2676e-06  1.0316e-08  8.2732e-09  6.5903e-09  1:01:46 2181

 Reversed flow on 16 faces (6.3% area) of pressure-outlet 19.

 Reversed flow on 176 faces (35.1% area) of pressure-outlet 18.

  iter  continuity  x-velocity  y-velocity  z-velocity     time/iter
   320  1.2484e-06  1.0300e-08  8.3650e-09  6.6155e-09  1:01:18 2180

 Reversed flow on 16 faces (6.3% area) of pressure-outlet 19.

 Reversed flow on 176 faces (35.1% area) of pressure-outlet 18.
   321  1.3429e-06  1.0822e-08  8.7433e-09  6.7866e-09  1:00:52 2179

 Reversed flow on 16 faces (6.3% area) of pressure-outlet 19.

 Reversed flow on 176 faces (35.1% area) of pressure-outlet 18.
   322  1.2764e-06  1.0384e-08  8.4290e-09  6.7541e-09  1:01:29 2178

 Reversed flow on 16 faces (6.3% area) of pressure-outlet 19.

 Reversed flow on 176 faces (35.1% area) of pressure-outlet 18.
   323  1.2570e-06  1.0367e-08  8.5148e-09  6.7769e-09  1:01:14 2177

 Reversed flow on 16 faces (6.3% area) of pressure-outlet 19.

 Reversed flow on 176 faces (35.1% area) of pressure-outlet 18.
   324  1.3511e-06  1.0885e-08  8.8868e-09  6.9285e-09  1:00:48 2176

 Reversed flow on 16 faces (6.3% area) of pressure-outlet 19.

 Reversed flow on 176 faces (35.1% area) of pressure-outlet 18.
   325  1.2846e-06  1.0445e-08  8.5665e-09  6.8455e-09  1:00:48 2175

 Reversed flow on 16 faces (6.3% area) of pressure-outlet 19.

 Reversed flow on 176 faces (35.1% area) of pressure-outlet 18.
   326  1.2653e-06  1.0431e-08  8.6457e-09  6.8242e-09  1:00:26 2174

 Reversed flow on 16 faces (6.3% area) of pressure-outlet 19.

 Reversed flow on 176 faces (35.1% area) of pressure-outlet 18.
   327  1.3587e-06  1.0951e-08  9.0093e-09  6.9600e-09  1:00:11 2173

 Reversed flow on 16 faces (6.3% area) of pressure-outlet 19.

 Reversed flow on 176 faces (35.1% area) of pressure-outlet 18.
   328  1.2913e-06  1.0517e-08  8.6802e-09  6.9010e-09  1:00:02 2172

 Reversed flow on 16 faces (6.3% area) of pressure-outlet 19.

 Reversed flow on 176 faces (35.1% area) of pressure-outlet 18.
   329  1.2718e-06  1.0510e-08  8.7526e-09  6.9013e-09  0:59:38 2171

 Reversed flow on 16 faces (6.3% area) of pressure-outlet 19.

 Reversed flow on 176 faces (35.1% area) of pressure-outlet 18.
   330  1.3654e-06  1.1036e-08  9.1121e-09  7.0648e-09  0:59:25 2170

 Reversed flow on 16 faces (6.3% area) of pressure-outlet 19.

 Reversed flow on 176 faces (35.1% area) of pressure-outlet 18.

  iter  continuity  x-velocity  y-velocity  z-velocity     time/iter
   331  1.2984e-06  1.0604e-08  8.7783e-09  7.0274e-09  0:59:28 2169

 Reversed flow on 16 faces (6.3% area) of pressure-outlet 19.

 Reversed flow on 176 faces (35.1% area) of pressure-outlet 18.
   332  1.2790e-06  1.0598e-08  8.8471e-09  7.0451e-09  0:59:25 2168

 Reversed flow on 16 faces (6.3% area) of pressure-outlet 19.

 Reversed flow on 176 faces (35.1% area) of pressure-outlet 18.
   333  1.3727e-06  1.1120e-08  9.2033e-09  7.2076e-09  0:59:22 2167

 Reversed flow on 16 faces (6.3% area) of pressure-outlet 19.

 Reversed flow on 176 faces (35.1% area) of pressure-outlet 18.
   334  1.3056e-06  1.0683e-08  8.8650e-09  7.1640e-09  0:59:26 2166

 Reversed flow on 16 faces (6.3% area) of pressure-outlet 19.

 Reversed flow on 176 faces (35.1% area) of pressure-outlet 18.
   335  1.2860e-06  1.0672e-08  8.9299e-09  7.1747e-09  0:59:36 2165

 Reversed flow on 16 faces (6.3% area) of pressure-outlet 19.

 Reversed flow on 176 faces (35.1% area) of pressure-outlet 18.
   336  1.3788e-06  1.1185e-08  9.2780e-09  7.3278e-09  1:00:36 2164

 Reversed flow on 16 faces (6.3% area) of pressure-outlet 19.

 Reversed flow on 176 faces (35.1% area) of pressure-outlet 18.
   337  1.3106e-06  1.0740e-08  8.9327e-09  7.2756e-09  1:00:18 2163

 Reversed flow on 16 faces (6.3% area) of pressure-outlet 19.

 Reversed flow on 176 faces (35.1% area) of pressure-outlet 18.
   338  1.2903e-06  1.0722e-08  8.9920e-09  7.2776e-09  1:00:03 2162

 Reversed flow on 16 faces (6.3% area) of pressure-outlet 19.

 Reversed flow on 176 faces (35.1% area) of pressure-outlet 18.
   339  1.3820e-06  1.1223e-08  9.3315e-09  7.4210e-09  0:59:39 2161

 Reversed flow on 16 faces (6.3% area) of pressure-outlet 19.

 Reversed flow on 176 faces (35.1% area) of pressure-outlet 18.
   340  1.3127e-06  1.0770e-08  8.9785e-09  7.3621e-09  0:59:21 2160

 Reversed flow on 16 faces (6.3% area) of pressure-outlet 19.

 Reversed flow on 176 faces (35.1% area) of pressure-outlet 18.
   341  1.2915e-06  1.0745e-08  9.0322e-09  7.3573e-09  0:59:29 2159

 Reversed flow on 16 faces (6.3% area) of pressure-outlet 19.

 Reversed flow on 176 faces (35.1% area) of pressure-outlet 18.

  iter  continuity  x-velocity  y-velocity  z-velocity     time/iter
   342  1.3820e-06  1.1235e-08  9.3641e-09  7.4909e-09  0:59:40 2158

 Reversed flow on 16 faces (6.3% area) of pressure-outlet 19.

 Reversed flow on 176 faces (35.1% area) of pressure-outlet 18.
   343  1.3117e-06  1.0774e-08  9.0035e-09  7.4227e-09  1:00:03 2157

 Reversed flow on 16 faces (6.3% area) of pressure-outlet 19.

 Reversed flow on 176 faces (35.1% area) of pressure-outlet 18.
   344  1.2896e-06  1.0742e-08  9.0514e-09  7.4082e-09  1:00:03 2156

 Reversed flow on 16 faces (6.3% area) of pressure-outlet 19.

 Reversed flow on 176 faces (35.1% area) of pressure-outlet 18.
   345  1.3788e-06  1.1222e-08  9.3756e-09  7.5297e-09  0:59:59 2155

 Reversed flow on 16 faces (6.3% area) of pressure-outlet 19.

 Reversed flow on 176 faces (35.1% area) of pressure-outlet 18.
   346  1.3072e-06  1.0753e-08  9.0063e-09  7.4515e-09  1:00:16 2154

 Reversed flow on 16 faces (6.3% area) of pressure-outlet 19.

 Reversed flow on 176 faces (35.1% area) of pressure-outlet 18.
   347  1.2840e-06  1.0711e-08  9.0459e-09  7.4269e-09  1:00:15 2153

 Reversed flow on 16 faces (6.3% area) of pressure-outlet 19.

 Reversed flow on 176 faces (35.1% area) of pressure-outlet 18.
   348  1.3719e-06  1.1179e-08  9.3611e-09  7.5362e-09  1:00:24 2152

 Reversed flow on 16 faces (6.3% area) of pressure-outlet 19.

 Reversed flow on 176 faces (35.1% area) of pressure-outlet 18.
   349  1.2990e-06  1.0700e-08  8.9814e-09  7.4472e-09  1:00:48 2151

 Reversed flow on 16 faces (6.3% area) of pressure-outlet 19.

 Reversed flow on 176 faces (35.1% area) of pressure-outlet 18.
   350  1.2745e-06  1.0647e-08  9.0102e-09  7.4124e-09  1:01:09 2150

 Reversed flow on 16 faces (6.3% area) of pressure-outlet 19.

 Reversed flow on 176 faces (35.1% area) of pressure-outlet 18.
   351  1.3611e-06  1.1102e-08  9.3145e-09  7.5102e-09  1:01:33 2149

 Reversed flow on 16 faces (6.3% area) of pressure-outlet 19.

 Reversed flow on 176 faces (35.1% area) of pressure-outlet 18.
   352  1.2846e-06  1.0612e-08  8.9220e-09  7.4092e-09  1:01:58 2148

 Reversed flow on 16 faces (6.3% area) of pressure-outlet 19.

 Reversed flow on 176 faces (35.1% area) of pressure-outlet 18.

  iter  continuity  x-velocity  y-velocity  z-velocity     time/iter
   353  1.2576e-06  1.0542e-08  8.9345e-09  7.3614e-09  1:02:22 2147

 Reversed flow on 16 faces (6.3% area) of pressure-outlet 19.

 Reversed flow on 176 faces (35.1% area) of pressure-outlet 18.
   354  1.3417e-06  1.0978e-08  9.2211e-09  7.4442e-09  1:02:27 2146

 Reversed flow on 16 faces (6.3% area) of pressure-outlet 19.

 Reversed flow on 176 faces (35.1% area) of pressure-outlet 18.
   355  1.2653e-06  1.0470e-08  8.8113e-09  7.3296e-09  1:02:27 2145

 Reversed flow on 16 faces (6.3% area) of pressure-outlet 19.

 Reversed flow on 176 faces (35.1% area) of pressure-outlet 18.
   356  1.2375e-06  1.0386e-08  8.8088e-09  7.2714e-09  1:02:23 2144

 Reversed flow on 16 faces (6.3% area) of pressure-outlet 19.

 Reversed flow on 176 faces (35.1% area) of pressure-outlet 18.
   357  1.3211e-06  1.0811e-08  9.0846e-09  7.3433e-09  1:02:20 2143

 Reversed flow on 16 faces (6.3% area) of pressure-outlet 19.

 Reversed flow on 176 faces (35.1% area) of pressure-outlet 18.
   358  1.2425e-06  1.0277e-08  8.6654e-09  7.2174e-09  1:02:16 2142

 Reversed flow on 16 faces (6.3% area) of pressure-outlet 19.

 Reversed flow on 176 faces (35.1% area) of pressure-outlet 18.
   359  1.2113e-06  1.0141e-08  8.6547e-09  7.1475e-09  1:02:43 2141

 Reversed flow on 16 faces (6.3% area) of pressure-outlet 19.

 Reversed flow on 176 faces (35.1% area) of pressure-outlet 18.
   360  1.2914e-06  1.0523e-08  8.9248e-09  7.2074e-09  1:02:48 2140

 Reversed flow on 16 faces (6.3% area) of pressure-outlet 19.

 Reversed flow on 176 faces (35.1% area) of pressure-outlet 18.
   361  1.2117e-06  9.9610e-09  8.5001e-09  7.0690e-09  1:02:40 2139

 Reversed flow on 16 faces (6.3% area) of pressure-outlet 19.

 Reversed flow on 176 faces (35.1% area) of pressure-outlet 18.
   362  1.1812e-06  9.8465e-09  8.4800e-09  6.9879e-09  1:02:44 2138

 Reversed flow on 16 faces (6.3% area) of pressure-outlet 19.

 Reversed flow on 176 faces (35.1% area) of pressure-outlet 18.
   363  1.2628e-06  1.0270e-08  8.7496e-09  7.0461e-09  1:02:57 2137

 Reversed flow on 16 faces (6.3% area) of pressure-outlet 19.

 Reversed flow on 176 faces (35.1% area) of pressure-outlet 18.

  iter  continuity  x-velocity  y-velocity  z-velocity     time/iter
   364  1.1829e-06  9.7343e-09  8.3134e-09  6.8933e-09  1:03:04 2136

 Reversed flow on 16 faces (6.3% area) of pressure-outlet 19.

 Reversed flow on 176 faces (35.1% area) of pressure-outlet 18.
   365  1.1510e-06  9.6163e-09  8.2853e-09  6.8054e-09  1:03:47 2135

 Reversed flow on 16 faces (6.3% area) of pressure-outlet 19.

 Reversed flow on 176 faces (35.1% area) of pressure-outlet 18.
   366  1.2317e-06  1.0024e-08  8.5532e-09  6.8604e-09  1:03:44 2134

 Reversed flow on 16 faces (6.3% area) of pressure-outlet 19.

 Reversed flow on 176 faces (35.1% area) of pressure-outlet 18.
   367  1.1475e-06  9.4070e-09  8.0903e-09  6.7051e-09  1:03:35 2133

 Reversed flow on 16 faces (6.3% area) of pressure-outlet 19.

 Reversed flow on 176 faces (35.1% area) of pressure-outlet 18.
   368  1.1119e-06  9.2551e-09  8.0564e-09  6.6161e-09  1:03:26 2132

 Reversed flow on 16 faces (6.3% area) of pressure-outlet 19.

 Reversed flow on 176 faces (35.1% area) of pressure-outlet 18.
   369  1.1898e-06  9.6372e-09  8.3210e-09  6.6673e-09  1:03:03 2131

 Reversed flow on 16 faces (6.3% area) of pressure-outlet 19.

 Reversed flow on 176 faces (35.1% area) of pressure-outlet 18.
   370  1.1060e-06  9.0526e-09  7.8600e-09  6.4997e-09  1:03:09 2130

 Reversed flow on 16 faces (6.3% area) of pressure-outlet 19.

 Reversed flow on 176 faces (35.1% area) of pressure-outlet 18.
   371  1.0695e-06  8.8894e-09  7.7959e-09  6.3941e-09  1:03:11 2129

 Reversed flow on 16 faces (6.3% area) of pressure-outlet 19.

 Reversed flow on 176 faces (35.1% area) of pressure-outlet 18.
   372  1.1464e-06  9.2752e-09  8.0289e-09  6.4337e-09  1:03:06 2128

 Reversed flow on 16 faces (6.3% area) of pressure-outlet 19.

 Reversed flow on 176 faces (35.1% area) of pressure-outlet 18.
   373  1.0617e-06  8.6939e-09  7.5434e-09  6.2551e-09  1:02:46 2127

 Reversed flow on 16 faces (6.3% area) of pressure-outlet 19.

 Reversed flow on 176 faces (35.1% area) of pressure-outlet 18.
   374  1.0247e-06  8.5348e-09  7.4621e-09  6.1406e-09  1:01:57 2126

 Reversed flow on 16 faces (6.3% area) of pressure-outlet 19.

 Reversed flow on 176 faces (35.1% area) of pressure-outlet 18.

  iter  continuity  x-velocity  y-velocity  z-velocity     time/iter
   375  1.1020e-06  8.9209e-09  7.6847e-09  6.1734e-09  1:01:01 2125

 Reversed flow on 16 faces (6.3% area) of pressure-outlet 19.

 Reversed flow on 176 faces (35.1% area) of pressure-outlet 18.
   376  1.0177e-06  8.3356e-09  7.1913e-09  5.9882e-09  1:00:43 2124

 Reversed flow on 16 faces (6.3% area) of pressure-outlet 19.

 Reversed flow on 176 faces (35.1% area) of pressure-outlet 18.
   377  9.8106e-07  8.1725e-09  7.1053e-09  5.8672e-09  1:00:24 2123
!  377 solution is converged

> 
adjoint/                parallel/               server/
define/                 parametric-study/       solve/
display/                plot/                   surface/
exit                    preferences/            turbo-setup/
file/                   print-license-usage     views/
mesh/                   report/

> ; ===========================================================
; DATA EXPORT
; ===========================================================

adjoint/                parallel/               server/
define/                 parametric-study/       solve/
display/                plot/                   surface/
exit                    preferences/            turbo-setup/
file/                   print-license-usage     views/
mesh/                   report/

> /surface/zone-surface interior-data fluid_domain

> 
adjoint/                parallel/               server/
define/                 parametric-study/       solve/
display/                plot/                   surface/
exit                    preferences/            turbo-setup/
file/                   print-license-usage     views/
mesh/                   report/

> ; Save case and data
/file/write-case-data "results/coronary2/Re175/bifurcation_Re175.cas.h5"Fast-loading "C:\PROGRA~1\ANSYSI~1\v252\fluent\fluent25.2.0\\addons\afd\lib\hdfio.bin"
Done.

Writing to DESKTOP-BBN4MI6:"C:\Users\radie\Desktop\1_TrainingSIMS\realvesselSIM2\results/coronary2/Re175/bifurcation_Re175.cas.h5" in NODE0 mode and compression level 1 ...
Grouping cells for Laplace smoothing ...
      700623 cells,     1 zone  ...
     1564982 faces,     5 zones ...
      256491 nodes,     1 zone  ...
  Done.
Done.

Writing to DESKTOP-BBN4MI6:"C:\Users\radie\Desktop\1_TrainingSIMS\realvesselSIM2\results/coronary2/Re175/bifurcation_Re175.dat.h5" in NODE0 mode and compression level 1 ...
  Writing results.
Done.


> 
adjoint/                parallel/               server/
define/                 parametric-study/       solve/
display/                plot/                   surface/
exit                    preferences/            turbo-setup/
file/                   print-license-usage     views/
mesh/                   report/

> ; Export interior field data
/file/export/ascii "results/coronary2/Re175/interior_full_Re175.csv" interior-data () no x-coordinate y-coordinate z-coordinate pressure x-velocity y-velocity z-velocity velocity-magnitude ()

Location/Cell-Centered?,
if Cell-Centered not chosen, node values of scalars are reported [no] ; Respond to the single prompt:
; Location/Cell-Centered? [no]
no

Writing "results/coronary2/Re175/interior_full_Re175.csv"...

Writing information to ascii file ...
Done.


> 
adjoint/                parallel/               server/
define/                 parametric-study/       solve/
display/                plot/                   surface/
exit                    preferences/            turbo-setup/
file/                   print-license-usage     views/
mesh/                   report/

> ; Export wall data
/file/export/ascii "results/coronary2/Re175/wall_data_Re175.csv" wall-fluid_domain () no x-coordinate y-coordinate z-coordinate pressure wall-shear x-wall-shear y-wall-shear z-wall-shear ()

Location/Cell-Centered?,
if Cell-Centered not chosen, node values of scalars are reported [no] ; Location/Cell-Centered? [no]
no

Writing "results/coronary2/Re175/wall_data_Re175.csv"...

Writing information to ascii file ...
Done.


> 
adjoint/                parallel/               server/
define/                 parametric-study/       solve/
display/                plot/                   surface/
exit                    preferences/            turbo-setup/
file/                   print-license-usage     views/
mesh/                   report/

> ; Export outlet data
/file/export/ascii "results/coronary2/Re175/outlets_Re175.csv" outlet_1 outlet_2 () no x-coordinate y-coordinate z-coordinate pressure velocity-magnitude ()

Location/Cell-Centered?,
if Cell-Centered not chosen, node values of scalars are reported [no] ; Location/Cell-Centered? [no]
no

Writing "results/coronary2/Re175/outlets_Re175.csv"...

Writing information to ascii file ...
Done.


> 
adjoint/                parallel/               server/
define/                 parametric-study/       solve/
display/                plot/                   surface/
exit                    preferences/            turbo-setup/
file/                   print-license-usage     views/
mesh/                   report/

> /exit 
Posting ANSYS Product Improvement Program performance data 
Done.
Auto-Transcript Stop Time:  07:27:15, 25 Feb 2026 E. Australia Standard Time 
Total Transcript Time: 11 Minute 56 Second.

Automatic transcript closed.
